Component: ARM Compiler 5.06 update 6 (build 750) Tool: armlink [4d35ed]

==============================================================================

Section Cross References

    startup_stm32l151xba.o(RESET) refers to startup_stm32l151xba.o(STACK) for __initial_sp
    startup_stm32l151xba.o(RESET) refers to startup_stm32l151xba.o(.text) for Reset_Handler
    startup_stm32l151xba.o(RESET) refers to stm32l1xx_it.o(i.NMI_Handler) for NMI_Handler
    startup_stm32l151xba.o(RESET) refers to stm32l1xx_it.o(i.HardFault_Handler) for HardFault_Handler
    startup_stm32l151xba.o(RESET) refers to stm32l1xx_it.o(i.MemManage_Handler) for MemManage_Handler
    startup_stm32l151xba.o(RESET) refers to stm32l1xx_it.o(i.BusFault_Handler) for BusFault_Handler
    startup_stm32l151xba.o(RESET) refers to stm32l1xx_it.o(i.UsageFault_Handler) for UsageFault_Handler
    startup_stm32l151xba.o(RESET) refers to stm32l1xx_it.o(i.SVC_Handler) for SVC_Handler
    startup_stm32l151xba.o(RESET) refers to stm32l1xx_it.o(i.DebugMon_Handler) for DebugMon_Handler
    startup_stm32l151xba.o(RESET) refers to stm32l1xx_it.o(i.PendSV_Handler) for PendSV_Handler
    startup_stm32l151xba.o(RESET) refers to stm32l1xx_it.o(i.SysTick_Handler) for SysTick_Handler
    startup_stm32l151xba.o(RESET) refers to spo2datahandle.o(i.TIM2_IRQHandler) for TIM2_IRQHandler
    startup_stm32l151xba.o(RESET) refers to stm32l1xx_it.o(i.TIM3_IRQHandler) for TIM3_IRQHandler
    startup_stm32l151xba.o(RESET) refers to stm32l1xx_it.o(i.TIM4_IRQHandler) for TIM4_IRQHandler
    startup_stm32l151xba.o(RESET) refers to stm32l1xx_it.o(i.USART1_IRQHandler) for USART1_IRQHandler
    startup_stm32l151xba.o(RESET) refers to stm32l1xx_it.o(i.EXTI15_10_IRQHandler) for EXTI15_10_IRQHandler
    startup_stm32l151xba.o(.text) refers to system_stm32l1xx.o(i.SystemInit) for SystemInit
    startup_stm32l151xba.o(.text) refers to entry.o(.ARM.Collect$$$$00000000) for __main
    oled.o(i.OLED_Clear) refers to oled.o(i.OLED_Refresh) for OLED_Refresh
    oled.o(i.OLED_Clear) refers to oled.o(.bss) for .bss
    oled.o(i.OLED_ClearPoint) refers to oled.o(.bss) for .bss
    oled.o(i.OLED_ColorTurn) refers to oled.o(i.OLED_WR_Byte) for OLED_WR_Byte
    oled.o(i.OLED_DisPlay_Off) refers to oled.o(i.OLED_WR_Byte) for OLED_WR_Byte
    oled.o(i.OLED_DisPlay_On) refers to oled.o(i.OLED_WR_Byte) for OLED_WR_Byte
    oled.o(i.OLED_DisplayTurn) refers to oled.o(i.OLED_Show_Battery) for OLED_Show_Battery
    oled.o(i.OLED_DisplayTurn) refers to oled.o(i.OLED_ShowPicture) for OLED_ShowPicture
    oled.o(i.OLED_DisplayTurn) refers to oled.o(i.OLED_Draw_RecTangle) for OLED_Draw_RecTangle
    oled.o(i.OLED_DisplayTurn) refers to oled.o(i.OLED_ShowNum_left_Or_right) for OLED_ShowNum_left_Or_right
    oled.o(i.OLED_DisplayTurn) refers to oled.o(i.OLED_ShowString) for OLED_ShowString
    oled.o(i.OLED_DisplayTurn) refers to oled.o(i.OLED_ShowNum) for OLED_ShowNum
    oled.o(i.OLED_DisplayTurn) refers to oled.o(i.OLED_Show_Heart) for OLED_Show_Heart
    oled.o(i.OLED_DisplayTurn) refers to oled.o(i.OLED_Show_Sensor_off_Rec) for OLED_Show_Sensor_off_Rec
    oled.o(i.OLED_DisplayTurn) refers to oled.o(i.OLED_WR_Byte) for OLED_WR_Byte
    oled.o(i.OLED_DisplayTurn) refers to oled.o(i.OLED_Refresh) for OLED_Refresh
    oled.o(i.OLED_DisplayTurn) refers to main.o(.data) for battery_value
    oled.o(i.OLED_DisplayTurn) refers to oled.o(.constdata) for .constdata
    oled.o(i.OLED_DrawCircle) refers to oled.o(i.OLED_DrawPoint) for OLED_DrawPoint
    oled.o(i.OLED_DrawLine) refers to oled.o(i.OLED_DrawPoint) for OLED_DrawPoint
    oled.o(i.OLED_DrawLine) refers to oled.o(i.OLED_ClearPoint) for OLED_ClearPoint
    oled.o(i.OLED_DrawPoint) refers to oled.o(.bss) for .bss
    oled.o(i.OLED_Draw_RecTangle) refers to oled.o(i.OLED_DrawLine) for OLED_DrawLine
    oled.o(i.OLED_Init) refers to stm32l1xx_hal_gpio.o(i.HAL_GPIO_Init) for HAL_GPIO_Init
    oled.o(i.OLED_Init) refers to stm32l1xx_hal_gpio.o(i.HAL_GPIO_WritePin) for HAL_GPIO_WritePin
    oled.o(i.OLED_Init) refers to stm32l1xx_hal.o(i.HAL_Delay) for HAL_Delay
    oled.o(i.OLED_Init) refers to oled.o(i.OLED_WR_Byte) for OLED_WR_Byte
    oled.o(i.OLED_Init) refers to oled.o(i.OLED_Clear) for OLED_Clear
    oled.o(i.OLED_Refresh) refers to oled.o(i.OLED_WR_Byte) for OLED_WR_Byte
    oled.o(i.OLED_Refresh) refers to oled.o(.bss) for .bss
    oled.o(i.OLED_ScrollDisplay) refers to oled.o(i.OLED_Refresh) for OLED_Refresh
    oled.o(i.OLED_ScrollDisplay) refers to oled.o(.bss) for .bss
    oled.o(i.OLED_ShowChar) refers to oled.o(i.OLED_DrawPoint) for OLED_DrawPoint
    oled.o(i.OLED_ShowChar) refers to oled.o(i.OLED_ClearPoint) for OLED_ClearPoint
    oled.o(i.OLED_ShowChar) refers to oled.o(.constdata) for .constdata
    oled.o(i.OLED_ShowChar_left_Or_right) refers to oled.o(i.OLED_DrawPoint) for OLED_DrawPoint
    oled.o(i.OLED_ShowChar_left_Or_right) refers to oled.o(i.OLED_ClearPoint) for OLED_ClearPoint
[...]
    ..\\Src\\afe4400.c                       0x00000000   Number         0  afe4400.o ABSOLUTE
    ..\\Src\\afe_spi.c                       0x00000000   Number         0  afe_spi.o ABSOLUTE
    ..\\Src\\beep.c                          0x00000000   Number         0  beep.o ABSOLUTE
    ..\\Src\\key.c                           0x00000000   Number         0  key.o ABSOLUTE
    ..\\Src\\oled.c                          0x00000000   Number         0  oled.o ABSOLUTE
    ..\\Src\\spo2datahandle.c                0x00000000   Number         0  spo2datahandle.o ABSOLUTE
    cdcmple.s                                0x00000000   Number         0  cdcmple.o ABSOLUTE
    cdrcmple.s                               0x00000000   Number         0  cdrcmple.o ABSOLUTE
    dc.s                                     0x00000000   Number         0  dc.o ABSOLUTE
    handlers.s                               0x00000000   Number         0  handlers.o ABSOLUTE
    init.s                                   0x00000000   Number         0  init.o ABSOLUTE
    startup_stm32l151xba.s                   0x00000000   Number         0  startup_stm32l151xba.o ABSOLUTE
    RESET                                    0x08000000   Section      244  startup_stm32l151xba.o(RESET)
    .ARM.Collect$$$$00000000                 0x080000f4   Section        0  entry.o(.ARM.Collect$$$$00000000)
    .ARM.Collect$$$$00000001                 0x080000f4   Section        4  entry2.o(.ARM.Collect$$$$00000001)
    .ARM.Collect$$$$00000004                 0x080000f8   Section        4  entry5.o(.ARM.Collect$$$$00000004)
    .ARM.Collect$$$$00000008                 0x080000fc   Section        0  entry7b.o(.ARM.Collect$$$$00000008)
    .ARM.Collect$$$$0000000A                 0x080000fc   Section        0  entry8b.o(.ARM.Collect$$$$0000000A)
    .ARM.Collect$$$$0000000B                 0x080000fc   Section        8  entry9a.o(.ARM.Collect$$$$0000000B)
    .ARM.Collect$$$$0000000D                 0x08000104   Section        0  entry10a.o(.ARM.Collect$$$$0000000D)
    .ARM.Collect$$$$0000000F                 0x08000104   Section        0  entry11a.o(.ARM.Collect$$$$0000000F)
    .ARM.Collect$$$$00002712                 0x08000104   Section        4  entry2.o(.ARM.Collect$$$$00002712)
    __lit__00000000                          0x08000104   Data           4  entry2.o(.ARM.Collect$$$$00002712)
    .text                                    0x08000108   Section       36  startup_stm32l151xba.o(.text)
    .text                                    0x0800012c   Section        0  memseta.o(.text)
    .text                                    0x08000150   Section        0  fadd.o(.text)
    .text                                    0x08000200   Section        0  fmul.o(.text)
    .text                                    0x08000264   Section        0  fdiv.o(.text)
    .text                                    0x080002e0   Section        0  dadd.o(.text)
    .text                                    0x0800042e   Section        0  dmul.o(.text)
    .text                                    0x08000512   Section        0  ddiv.o(.text)
    .text                                    0x080005f0   Section        0  dscalb.o(.text)
    .text                                    0x0800061e   Section        0  fflti.o(.text)
    .text                                    0x08000630   Section        0  ffltui.o(.text)
    .text                                    0x0800063a   Section        0  dflti.o(.text)
    .text                                    0x0800065c   Section        0  dfltui.o(.text)
    .text                                    0x08000676   Section        0  ffixi.o(.text)
    .text                                    0x080006a8   Section        0  dfixi.o(.text)
    .text                                    0x080006e6   Section        0  f2d.o(.text)
    .text                                    0x0800070c   Section       48  cdcmple.o(.text)
    .text                                    0x0800073c   Section        0  d2f.o(.text)
    .text                                    0x08000774   Section        0  llshl.o(.text)
    .text                                    0x08000792   Section        0  llushr.o(.text)
    .text                                    0x080007b2   Section        0  llsshr.o(.text)
    .text                                    0x080007d6   Section        0  fepilogue.o(.text)
    .text                                    0x080007d6   Section        0  iusefp.o(.text)
    .text                                    0x08000844   Section        0  depilogue.o(.text)
    .text                                    0x08000900   Section       36  init.o(.text)
    i.ADC_ConversionStop_Disable             0x08000924   Section        0  stm32l1xx_hal_adc.o(i.ADC_ConversionStop_Disable)
    i.ADC_Enable                             0x08000970   Section        0  stm32l1xx_hal_adc.o(i.ADC_Enable)
    i.AFE4400_Default_Reg_Init               0x080009e4   Section        0  afe4400.o(i.AFE4400_Default_Reg_Init)
    i.AFE4400_PowerOn_Init                   0x08000b1c   Section        0  afe4400.o(i.AFE4400_PowerOn_Init)
    i.AFE4400_Read_Register                  0x08000b38   Section        0  afe4400.o(i.AFE4400_Read_Register)
    i.AFE4400_Set_READABLE                   0x08000b88   Section        0  afe4400.o(i.AFE4400_Set_READABLE)
    i.AFE4400_Set_Register                   0x08000ba8   Section        0  afe4400.o(i.AFE4400_Set_Register)
    i.Battery_IO_Init                        0x08000bf4   Section        0  gpio.o(i.Battery_IO_Init)
    i.Battery_Switch                         0x08000c44   Section        0  gpio.o(i.Battery_Switch)
    i.BusFault_Handler                       0x08000c5c   Section        0  stm32l1xx_it.o(i.BusFault_Handler)
    i.DebugMon_Handler                       0x08000c5e   Section        0  stm32l1xx_it.o(i.DebugMon_Handler)
    i.EXTI15_10_IRQHandler                   0x08000c60   Section        0  stm32l1xx_it.o(i.EXTI15_10_IRQHandler)
    i.Error_Handler                          0x08000c68   Section        0  main.o(i.Error_Handler)
    i.Get_Battery_Value                      0x08000c6c   Section        0  adc.o(i.Get_Battery_Value)
    i.HAL_ADC_ConfigChannel                  0x08000ce4   Section        0  stm32l1xx_hal_adc.o(i.HAL_ADC_ConfigChannel)
    i.HAL_ADC_GetValue                       0x08000e2c   Section        0  stm32l1xx_hal_adc.o(i.HAL_ADC_GetValue)
    i.HAL_ADC_Init                           0x08000e34   Section        0  stm32l1xx_hal_adc.o(i.HAL_ADC_Init)
    i.HAL_ADC_MspInit                        0x08000fd4   Section        0  adc.o(i.HAL_ADC_MspInit)
    i.HAL_ADC_PollForConversion              0x08001034   Section        0  stm32l1xx_hal_adc.o(i.HAL_ADC_PollForConversion)
    i.HAL_ADC_Start                          0x080010dc   Section        0  stm32l1xx_hal_adc.o(i.HAL_ADC_Start)
    i.HAL_ADC_Stop                           0x08001152   Section        0  stm32l1xx_hal_adc.o(i.HAL_ADC_Stop)
    i.HAL_DMA_Abort_IT                       0x08001186   Section        0  stm32l1xx_hal_dma.o(i.HAL_DMA_Abort_IT)
    i.HAL_Delay                              0x080011d4   Section        0  stm32l1xx_hal.o(i.HAL_Delay)
    i.HAL_GPIO_EXTI_Callback                 0x080011f8   Section        0  afe4400.o(i.HAL_GPIO_EXTI_Callback)
    i.HAL_GPIO_EXTI_IRQHandler               0x0800120c   Section        0  stm32l1xx_hal_gpio.o(i.HAL_GPIO_EXTI_IRQHandler)
    i.HAL_GPIO_Init                          0x08001228   Section        0  stm32l1xx_hal_gpio.o(i.HAL_GPIO_Init)
    i.HAL_GPIO_ReadPin                       0x080013b4   Section        0  stm32l1xx_hal_gpio.o(i.HAL_GPIO_ReadPin)
    i.HAL_GPIO_WritePin                      0x080013be   Section        0  stm32l1xx_hal_gpio.o(i.HAL_GPIO_WritePin)
    i.HAL_GetTick                            0x080013c8   Section        0  stm32l1xx_hal.o(i.HAL_GetTick)
    i.HAL_IncTick                            0x080013d4   Section        0  stm32l1xx_hal.o(i.HAL_IncTick)
    i.HAL_Init                               0x080013e4   Section        0  stm32l1xx_hal.o(i.HAL_Init)
    i.HAL_InitTick                           0x08001404   Section        0  stm32l1xx_hal.o(i.HAL_InitTick)
    i.HAL_MspInit                            0x08001448   Section        0  stm32l1xx_hal_msp.o(i.HAL_MspInit)
    i.HAL_NVIC_EnableIRQ                     0x08001484   Section        0  stm32l1xx_hal_cortex.o(i.HAL_NVIC_EnableIRQ)
    i.HAL_NVIC_SetPriority                   0x080014a0   Section        0  stm32l1xx_hal_cortex.o(i.HAL_NVIC_SetPriority)
    i.HAL_NVIC_SetPriorityGrouping           0x080014e0   Section        0  stm32l1xx_hal_cortex.o(i.HAL_NVIC_SetPriorityGrouping)
    i.HAL_RCC_ClockConfig                    0x08001504   Section        0  stm32l1xx_hal_rcc.o(i.HAL_RCC_ClockConfig)
    i.HAL_RCC_GetSysClockFreq                0x080016a8   Section        0  stm32l1xx_hal_rcc.o(i.HAL_RCC_GetSysClockFreq)
    i.HAL_RCC_OscConfig                      0x08001708   Section        0  stm32l1xx_hal_rcc.o(i.HAL_RCC_OscConfig)
    i.HAL_SPI_Init                           0x08001b30   Section        0  stm32l1xx_hal_spi.o(i.HAL_SPI_Init)
    i.HAL_SPI_MspInit                        0x08001ba4   Section        0  spi.o(i.HAL_SPI_MspInit)
    i.HAL_SPI_Receive                        0x08001c0c   Section        0  stm32l1xx_hal_spi.o(i.HAL_SPI_Receive)
    i.HAL_SPI_Transmit                       0x08001d5c   Section        0  stm32l1xx_hal_spi.o(i.HAL_SPI_Transmit)
    i.HAL_SPI_TransmitReceive                0x08001eb8   Section        0  stm32l1xx_hal_spi.o(i.HAL_SPI_TransmitReceive)
    i.HAL_SYSTICK_Config                     0x0800209a   Section        0  stm32l1xx_hal_cortex.o(i.HAL_SYSTICK_Config)
    i.HAL_TIMEx_MasterConfigSynchronization  0x080020c2   Section        0  stm32l1xx_hal_tim_ex.o(i.HAL_TIMEx_MasterConfigSynchronization)
    i.HAL_TIM_Base_Init                      0x08002104   Section        0  stm32l1xx_hal_tim.o(i.HAL_TIM_Base_Init)
    i.HAL_TIM_Base_MspInit                   0x0800213c   Section        0  tim.o(i.HAL_TIM_Base_MspInit)
    i.HAL_TIM_Base_Start_IT                  0x080021c4   Section        0  stm32l1xx_hal_tim.o(i.HAL_TIM_Base_Start_IT)
    i.HAL_TIM_ConfigClockSource              0x080021e6   Section        0  stm32l1xx_hal_tim.o(i.HAL_TIM_ConfigClockSource)
    i.HAL_TIM_IC_CaptureCallback             0x080022bc   Section        0  stm32l1xx_hal_tim.o(i.HAL_TIM_IC_CaptureCallback)
    i.HAL_TIM_IRQHandler                     0x080022be   Section        0  stm32l1xx_hal_tim.o(i.HAL_TIM_IRQHandler)
    i.HAL_TIM_OC_DelayElapsedCallback        0x080023e4   Section        0  stm32l1xx_hal_tim.o(i.HAL_TIM_OC_DelayElapsedCallback)
    i.HAL_TIM_PWM_PulseFinishedCallback      0x080023e6   Section        0  stm32l1xx_hal_tim.o(i.HAL_TIM_PWM_PulseFinishedCallback)
    i.HAL_TIM_PeriodElapsedCallback          0x080023e8   Section        0  spo2datahandle.o(i.HAL_TIM_PeriodElapsedCallback)
    i.HAL_TIM_TriggerCallback                0x08002640   Section        0  stm32l1xx_hal_tim.o(i.HAL_TIM_TriggerCallback)
    i.HAL_UART_ErrorCallback                 0x08002642   Section        0  stm32l1xx_hal_uart.o(i.HAL_UART_ErrorCallback)
    i.HAL_UART_IRQHandler                    0x08002644   Section        0  stm32l1xx_hal_uart.o(i.HAL_UART_IRQHandler)
    i.HAL_UART_Receive_IT                    0x08002754   Section        0  stm32l1xx_hal_uart.o(i.HAL_UART_Receive_IT)
    i.HAL_UART_RxCpltCallback                0x080027a8   Section        0  afe4400.o(i.HAL_UART_RxCpltCallback)
    i.HAL_UART_Transmit                      0x0800287c   Section        0  stm32l1xx_hal_uart.o(i.HAL_UART_Transmit)
    i.HAL_UART_TxCpltCallback                0x08002936   Section        0  stm32l1xx_hal_uart.o(i.HAL_UART_TxCpltCallback)
    i.HardFault_Handler                      0x08002938   Section        0  stm32l1xx_it.o(i.HardFault_Handler)
    i.IR_Filter                              0x0800293c   Section        0  spo2datahandle.o(i.IR_Filter)
    i.IR_reset                               0x080029fc   Section        0  spo2datahandle.o(i.IR_reset)
    i.Init_AFE4400_DRDY_Interrupt            0x08002a10   Section        0  afe4400.o(i.Init_AFE4400_DRDY_Interrupt)
    i.Init_AFE4400_Resource                  0x08002a74   Section        0  afe4400.o(i.Init_AFE4400_Resource)
    i.Key_Init                               0x08002aa0   Section        0  key.o(i.Key_Init)
    i.MX_ADC_Init                            0x08002ad8   Section        0  adc.o(i.MX_ADC_Init)
    i.MX_SPI1_Init                           0x08002b44   Section        0  spi.o(i.MX_SPI1_Init)
    i.MX_TIM2_Init                           0x08002b8c   Section        0  tim.o(i.MX_TIM2_Init)
    i.MemManage_Handler                      0x08002bfc   Section        0  stm32l1xx_it.o(i.MemManage_Handler)
    i.NMI_Handler                            0x08002bfe   Section        0  stm32l1xx_it.o(i.NMI_Handler)
    i.OLED_Clear                             0x08002c00   Section        0  oled.o(i.OLED_Clear)
    i.OLED_ClearPoint                        0x08002c2c   Section        0  oled.o(i.OLED_ClearPoint)
    i.OLED_DisplayTurn                       0x08002c4c   Section        0  oled.o(i.OLED_DisplayTurn)
    i.OLED_DrawLine                          0x08003088   Section        0  oled.o(i.OLED_DrawLine)
    i.OLED_DrawPoint                         0x08003148   Section        0  oled.o(i.OLED_DrawPoint)
    i.OLED_Draw_RecTangle                    0x08003164   Section        0  oled.o(i.OLED_Draw_RecTangle)
    i.OLED_Init                              0x08003210   Section        0  oled.o(i.OLED_Init)
    i.OLED_Pow                               0x08003374   Section        0  oled.o(i.OLED_Pow)
    i.OLED_Refresh                           0x08003384   Section        0  oled.o(i.OLED_Refresh)
    i.OLED_ShowChar                          0x080033d0   Section        0  oled.o(i.OLED_ShowChar)
    i.OLED_ShowChar_left_Or_right            0x080034a0   Section        0  oled.o(i.OLED_ShowChar_left_Or_right)
    i.OLED_ShowNum                           0x08003588   Section        0  oled.o(i.OLED_ShowNum)
    i.OLED_ShowNum_left_Or_right             0x080035f4   Section        0  oled.o(i.OLED_ShowNum_left_Or_right)
    i.OLED_ShowPicture                       0x08003690   Section        0  oled.o(i.OLED_ShowPicture)
    i.OLED_ShowString                        0x08003724   Section        0  oled.o(i.OLED_ShowString)
    i.OLED_Show_Battery                      0x08003768   Section        0  oled.o(i.OLED_Show_Battery)
    i.OLED_Show_Heart                        0x08003820   Section        0  oled.o(i.OLED_Show_Heart)
    i.OLED_Show_Rec                          0x080038b0   Section        0  oled.o(i.OLED_Show_Rec)
    i.OLED_Show_Sensor_off_Rec               0x08003a80   Section        0  oled.o(i.OLED_Show_Sensor_off_Rec)
    i.OLED_Show_Smooth_wave                  0x08003b00   Section        0  oled.o(i.OLED_Show_Smooth_wave)
    i.OLED_Show_Start                        0x08003b58   Section        0  oled.o(i.OLED_Show_Start)
    i.OLED_Show_Waveform                     0x08003ba4   Section        0  oled.o(i.OLED_Show_Waveform)
    i.OLED_Turn_Normal                       0x08003df8   Section        0  oled.o(i.OLED_Turn_Normal)
    i.OLED_WR_Byte                           0x08003e14   Section        0  oled.o(i.OLED_WR_Byte)
    i.PendSV_Handler                         0x08003e84   Section        0  stm32l1xx_it.o(i.PendSV_Handler)
    i.RCC_SetFlashLatencyFromMSIRange        0x08003e88   Section        0  stm32l1xx_hal_rcc.o(i.RCC_SetFlashLatencyFromMSIRange)
    RCC_SetFlashLatencyFromMSIRange          0x08003e89   Thumb Code   116  stm32l1xx_hal_rcc.o(i.RCC_SetFlashLatencyFromMSIRange)
    i.RD_Filter                              0x08003f08   Section        0  spo2datahandle.o(i.RD_Filter)
    i.RD_reset                               0x08003fc8   Section        0  spo2datahandle.o(i.RD_reset)
    i.SPI_EndRxTransaction                   0x08003fdc   Section        0  stm32l1xx_hal_spi.o(i.SPI_EndRxTransaction)
    SPI_EndRxTransaction                     0x08003fdd   Thumb Code    92  stm32l1xx_hal_spi.o(i.SPI_EndRxTransaction)
    i.SPI_EndRxTxTransaction                 0x08004038   Section        0  stm32l1xx_hal_spi.o(i.SPI_EndRxTxTransaction)
    SPI_EndRxTxTransaction                   0x08004039   Thumb Code    64  stm32l1xx_hal_spi.o(i.SPI_EndRxTxTransaction)
    i.SPI_Init                               0x08004078   Section        0  afe_spi.o(i.SPI_Init)
    i.SPI_ReadOneByte                        0x0800409c   Section        0  afe_spi.o(i.SPI_ReadOneByte)
    i.SPI_WaitFlagStateUntilTimeout          0x080040b8   Section        0  stm32l1xx_hal_spi.o(i.SPI_WaitFlagStateUntilTimeout)
    SPI_WaitFlagStateUntilTimeout            0x080040b9   Thumb Code   148  stm32l1xx_hal_spi.o(i.SPI_WaitFlagStateUntilTimeout)
    i.SPI_WriteOneByte                       0x0800414c   Section        0  afe_spi.o(i.SPI_WriteOneByte)
    i.SVC_Handler                            0x08004164   Section        0  stm32l1xx_it.o(i.SVC_Handler)
    i.Set_GPIO                               0x08004168   Section        0  afe4400.o(i.Set_GPIO)
    i.SysTick_Handler                        0x080041b4   Section        0  stm32l1xx_it.o(i.SysTick_Handler)
    i.SystemClock_Config                     0x080041b8   Section        0  main.o(i.SystemClock_Config)
    i.SystemInit                             0x08004218   Section        0  system_stm32l1xx.o(i.SystemInit)
    i.TIM2_IRQHandler                        0x08004268   Section        0  spo2datahandle.o(i.TIM2_IRQHandler)
    i.TIM3_IRQHandler                        0x080044d4   Section        0  stm32l1xx_it.o(i.TIM3_IRQHandler)
    i.TIM4_IRQHandler                        0x080044e0   Section        0  stm32l1xx_it.o(i.TIM4_IRQHandler)
    i.TIM_Base_SetConfig                     0x080044ec   Section        0  stm32l1xx_hal_tim.o(i.TIM_Base_SetConfig)
    TIM_Base_SetConfig                       0x080044ed   Thumb Code    94  stm32l1xx_hal_tim.o(i.TIM_Base_SetConfig)
    i.TIM_ETR_SetConfig                      0x08004560   Section        0  stm32l1xx_hal_tim.o(i.TIM_ETR_SetConfig)
    TIM_ETR_SetConfig                        0x08004561   Thumb Code    20  stm32l1xx_hal_tim.o(i.TIM_ETR_SetConfig)
    i.TIM_ITRx_SetConfig                     0x08004574   Section        0  stm32l1xx_hal_tim.o(i.TIM_ITRx_SetConfig)
    TIM_ITRx_SetConfig                       0x08004575   Thumb Code    16  stm32l1xx_hal_tim.o(i.TIM_ITRx_SetConfig)
    i.TIM_TI1_ConfigInputStage               0x08004584   Section        0  stm32l1xx_hal_tim.o(i.TIM_TI1_ConfigInputStage)
    TIM_TI1_ConfigInputStage                 0x08004585   Thumb Code    34  stm32l1xx_hal_tim.o(i.TIM_TI1_ConfigInputStage)
    i.TIM_TI2_ConfigInputStage               0x080045a6   Section        0  stm32l1xx_hal_tim.o(i.TIM_TI2_ConfigInputStage)
    TIM_TI2_ConfigInputStage                 0x080045a7   Thumb Code    36  stm32l1xx_hal_tim.o(i.TIM_TI2_ConfigInputStage)
    i.UART_DMAAbortOnError                   0x080045ca   Section        0  stm32l1xx_hal_uart.o(i.UART_DMAAbortOnError)
    UART_DMAAbortOnError                     0x080045cb   Thumb Code    16  stm32l1xx_hal_uart.o(i.UART_DMAAbortOnError)
    i.UART_EndRxTransfer                     0x080045da   Section        0  stm32l1xx_hal_uart.o(i.UART_EndRxTransfer)
    UART_EndRxTransfer                       0x080045db   Thumb Code    28  stm32l1xx_hal_uart.o(i.UART_EndRxTransfer)
    i.UART_Receive_IT                        0x080045f6   Section        0  stm32l1xx_hal_uart.o(i.UART_Receive_IT)
    UART_Receive_IT                          0x080045f7   Thumb Code   150  stm32l1xx_hal_uart.o(i.UART_Receive_IT)
    i.UART_Transmit_IT                       0x0800468c   Section        0  stm32l1xx_hal_uart.o(i.UART_Transmit_IT)
    UART_Transmit_IT                         0x0800468d   Thumb Code    98  stm32l1xx_hal_uart.o(i.UART_Transmit_IT)
    i.UART_WaitOnFlagUntilTimeout            0x080046ee   Section        0  stm32l1xx_hal_uart.o(i.UART_WaitOnFlagUntilTimeout)
    UART_WaitOnFlagUntilTimeout              0x080046ef   Thumb Code   100  stm32l1xx_hal_uart.o(i.UART_WaitOnFlagUntilTimeout)
    i.USART1_IRQHandler                      0x08004754   Section        0  stm32l1xx_it.o(i.USART1_IRQHandler)
    i.UsageFault_Handler                     0x08004760   Section        0  stm32l1xx_it.o(i.UsageFault_Handler)
    i.__NVIC_SetPriority                     0x08004762   Section        0  stm32l1xx_hal_cortex.o(i.__NVIC_SetPriority)
    __NVIC_SetPriority                       0x08004763   Thumb Code    32  stm32l1xx_hal_cortex.o(i.__NVIC_SetPriority)
    i.__scatterload_copy                     0x08004782   Section       14  handlers.o(i.__scatterload_copy)
    i.__scatterload_null                     0x08004790   Section        2  handlers.o(i.__scatterload_null)
    i.__scatterload_zeroinit                 0x08004792   Section       14  handlers.o(i.__scatterload_zeroinit)
    i.bpm_data                               0x080047a0   Section        0  spo2datahandle.o(i.bpm_data)
    i.find_maximums                          0x08004c20   Section        0  find_peak.o(i.find_maximums)
    i.find_peaks                             0x08004c80   Section        0  find_peak.o(i.find_peaks)
    i.find_troughs                           0x08004d78   Section        0  find_peak.o(i.find_troughs)
    i.get_max                                0x08004da0   Section        0  find_peak.o(i.get_max)
    get_max                                  0x08004da1   Thumb Code    30  find_peak.o(i.get_max)
    i.get_min                                0x08004dc0   Section        0  find_peak.o(i.get_min)
    get_min                                  0x08004dc1   Thumb Code    30  find_peak.o(i.get_min)
    i.main                                   0x08004de0   Section        0  main.o(i.main)
    i.return_reg_data                        0x08005040   Section        0  afe4400.o(i.return_reg_data)
    .constdata                               0x080050ec   Section     6996  oled.o(.constdata)
    .constdata                               0x08006c40   Section       25  system_stm32l1xx.o(.constdata)
    .data                                    0x20000000   Section       36  oled.o(.data)
    Value_start                              0x20000000   Data           1  oled.o(.data)
    Value_last                               0x20000001   Data           1  oled.o(.data)
    min                                      0x20000008   Data           4  oled.o(.data)
    max                                      0x2000000c   Data           4  oled.o(.data)
    mid                                      0x20000010   Data           4  oled.o(.data)
    wave_cnt                                 0x20000014   Data           4  oled.o(.data)
    Min_Cnt                                  0x20000018   Data           4  oled.o(.data)
    Mid_Cnt                                  0x2000001c   Data           4  oled.o(.data)
    Max_Cnt                                  0x20000020   Data           4  oled.o(.data)
    .data                                    0x20000024   Section       32  afe4400.o(.data)
    len                                      0x20000026   Data           1  afe4400.o(.data)
    .data                                    0x20000044   Section      132  spo2datahandle.o(.data)
    heart_show_flag                          0x2000004f   Data           1  spo2datahandle.o(.data)
    j                                        0x20000050   Data           1  spo2datahandle.o(.data)
    heart_show_flag                          0x20000051   Data           1  spo2datahandle.o(.data)
    j                                        0x20000052   Data           1  spo2datahandle.o(.data)
    heart_cnt                                0x20000058   Data           2  spo2datahandle.o(.data)
    rectangle_cnt                            0x2000005a   Data           2  spo2datahandle.o(.data)
    Rail_cnt                                 0x2000005c   Data           2  spo2datahandle.o(.data)
    heart_cnt                                0x2000005e   Data           2  spo2datahandle.o(.data)
    rectangle_cnt                            0x20000060   Data           2  spo2datahandle.o(.data)
    Rail_cnt                                 0x20000062   Data           2  spo2datahandle.o(.data)
    offset                                   0x200000a4   Data           4  spo2datahandle.o(.data)
    Sum1                                     0x200000a8   Data           4  spo2datahandle.o(.data)
    .data                                    0x200000c8   Section       37  main.o(.data)
    .data                                    0x200000ed   Section        1  main.o(.data)
    .data                                    0x200000f0   Section       12  adc.o(.data)
    .data                                    0x200000fc   Section       12  stm32l1xx_hal.o(.data)
    .data                                    0x20000108   Section        4  system_stm32l1xx.o(.data)
    .bss                                     0x2000010c   Section     1024  oled.o(.bss)
    .bss                                     0x2000050c   Section       20  afe4400.o(.bss)
    .bss                                     0x20000520   Section     1000  spo2datahandle.o(.bss)
    .bss                                     0x20000908   Section     8200  spo2datahandle.o(.bss)
    buff                                     0x20001b50   Data         128  spo2datahandle.o(.bss)
    .bss                                     0x20002910   Section      204  adc.o(.bss)
    .bss                                     0x200029dc   Section       88  spi.o(.bss)
    .bss                                     0x20002a34   Section      180  tim.o(.bss)
    .bss                                     0x20002ae8   Section       64  usart.o(.bss)
    STACK                                    0x20002b28   Section     2048  startup_stm32l151xba.o(STACK)

    Global Symbols

    Symbol Name                              Value     Ov Type        Size  Object(Section)

    BuildAttributes$$THM_ISAv4$P$D$K$B$S$PE$A:L22UL41UL21$X:L11$S22US41US21$IEEE1$IW$USESV6$~STKCKD$USESV7$~SHL$OTIME$ROPI$EBA8$MICROLIB$REQ8$PRES8$EABIv2 0x00000000   Number         0  anon$$obj.o ABSOLUTE
    __ARM_use_no_argv                        0x00000000   Number         0  main.o ABSOLUTE
    __use_no_errno                           0x00000000   Number         0  useno.o ABSOLUTE
    __use_no_exception_handling              0x00000000   Number         0  useno.o ABSOLUTE
    __use_no_fp                              0x00000000   Number         0  useno.o ABSOLUTE
    __use_no_heap                            0x00000000   Number         0  useno.o ABSOLUTE
    __use_no_heap_region                     0x00000000   Number         0  useno.o ABSOLUTE
    __use_no_semihosting                     0x00000000   Number         0  useno.o ABSOLUTE
    __use_no_semihosting_swi                 0x00000000   Number         0  useno.o ABSOLUTE
    __use_no_signal_handling                 0x00000000   Number         0  useno.o ABSOLUTE
    _printf_a                                0x00000000   Number         0  stubs.o ABSOLUTE
    _printf_c                                0x00000000   Number         0  stubs.o ABSOLUTE
    _printf_charcount                        0x00000000   Number         0  stubs.o ABSOLUTE
    _printf_d                                0x00000000   Number         0  stubs.o ABSOLUTE
    _printf_e                                0x00000000   Number         0  stubs.o ABSOLUTE
    _printf_f                                0x00000000   Number         0  stubs.o ABSOLUTE
    _printf_flags                            0x00000000   Number         0  stubs.o ABSOLUTE
    _printf_fp_dec                           0x00000000   Number         0  stubs.o ABSOLUTE
    _printf_fp_hex                           0x00000000   Number         0  stubs.o ABSOLUTE
    _printf_g                                0x00000000   Number         0  stubs.o ABSOLUTE
    _printf_i                                0x00000000   Number         0  stubs.o ABSOLUTE
    _printf_int_dec                          0x00000000   Number         0  stubs.o ABSOLUTE
    _printf_l                                0x00000000   Number         0  stubs.o ABSOLUTE
    _printf_lc                               0x00000000   Number         0  stubs.o ABSOLUTE
    _printf_ll                               0x00000000   Number         0  stubs.o ABSOLUTE
    _printf_lld                              0x00000000   Number         0  stubs.o ABSOLUTE
    _printf_lli                              0x00000000   Number         0  stubs.o ABSOLUTE
    _printf_llo                              0x00000000   Number         0  stubs.o ABSOLUTE
    _printf_llu                              0x00000000   Number         0  stubs.o ABSOLUTE
    _printf_llx                              0x00000000   Number         0  stubs.o ABSOLUTE
    _printf_longlong_dec                     0x00000000   Number         0  stubs.o ABSOLUTE
    _printf_longlong_hex                     0x00000000   Number         0  stubs.o ABSOLUTE
    _printf_longlong_oct                     0x00000000   Number         0  stubs.o ABSOLUTE
    _printf_ls                               0x00000000   Number         0  stubs.o ABSOLUTE
    _printf_mbtowc                           0x00000000   Number         0  stubs.o ABSOLUTE
    _printf_n                                0x00000000   Number         0  stubs.o ABSOLUTE
    _printf_o                                0x00000000   Number         0  stubs.o ABSOLUTE
    _printf_p                                0x00000000   Number         0  stubs.o ABSOLUTE
    _printf_percent                          0x00000000   Number         0  stubs.o ABSOLUTE
    _printf_pre_padding                      0x00000000   Number         0  stubs.o ABSOLUTE
    _printf_return_value                     0x00000000   Number         0  stubs.o ABSOLUTE
    _printf_s                                0x00000000   Number         0  stubs.o ABSOLUTE
    _printf_sizespec                         0x00000000   Number         0  stubs.o ABSOLUTE
    _printf_str                              0x00000000   Number         0  stubs.o ABSOLUTE
    _printf_truncate_signed                  0x00000000   Number         0  stubs.o ABSOLUTE
    _printf_truncate_unsigned                0x00000000   Number         0  stubs.o ABSOLUTE
    _printf_u                                0x00000000   Number         0  stubs.o ABSOLUTE
    _printf_wc                               0x00000000   Number         0  stubs.o ABSOLUTE
    _printf_wctomb                           0x00000000   Number         0  stubs.o ABSOLUTE
    _printf_widthprec                        0x00000000   Number         0  stubs.o ABSOLUTE
    _printf_x                                0x00000000   Number         0  stubs.o ABSOLUTE
    __cpp_initialize__aeabi_                  - Undefined Weak Reference
    __cxa_finalize                            - Undefined Weak Reference
    __decompress                              - Undefined Weak Reference
    _clock_init                               - Undefined Weak Reference
    _microlib_exit                            - Undefined Weak Reference
    _scanf_longlong                           - Undefined Weak Reference
    _scanf_real                               - Undefined Weak Reference
    _scanf_string                             - Undefined Weak Reference
    __Vectors_Size                           0x000000f4   Number         0  startup_stm32l151xba.o ABSOLUTE
    __Vectors                                0x08000000   Data           4  startup_stm32l151xba.o(RESET)
    __Vectors_End                            0x080000f4   Data           0  startup_stm32l151xba.o(RESET)
    __main                                   0x080000f5   Thumb Code     0  entry.o(.ARM.Collect$$$$00000000)
    _main_stk                                0x080000f5   Thumb Code     0  entry2.o(.ARM.Collect$$$$00000001)
    _main_scatterload                        0x080000f9   Thumb Code     0  entry5.o(.ARM.Collect$$$$00000004)
    __main_after_scatterload                 0x080000fd   Thumb Code     0  entry5.o(.ARM.Collect$$$$00000004)
    _main_clock                              0x080000fd   Thumb Code     0  entry7b.o(.ARM.Collect$$$$00000008)
    _main_cpp_init                           0x080000fd   Thumb Code     0  entry8b.o(.ARM.Collect$$$$0000000A)
    _main_init                               0x080000fd   Thumb Code     0  entry9a.o(.ARM.Collect$$$$0000000B)
    __rt_final_cpp                           0x08000105   Thumb Code     0  entry10a.o(.ARM.Collect$$$$0000000D)
    __rt_final_exit                          0x08000105   Thumb Code     0  entry11a.o(.ARM.Collect$$$$0000000F)
    Reset_Handler                            0x08000109   Thumb Code     8  startup_stm32l151xba.o(.text)
    ADC1_IRQHandler                          0x08000123   Thumb Code     0  startup_stm32l151xba.o(.text)
    COMP_IRQHandler                          0x08000123   Thumb Code     0  startup_stm32l151xba.o(.text)
    DAC_IRQHandler                           0x08000123   Thumb Code     0  startup_stm32l151xba.o(.text)
    DMA1_Channel1_IRQHandler                 0x08000123   Thumb Code     0  startup_stm32l151xba.o(.text)
    DMA1_Channel2_IRQHandler                 0x08000123   Thumb Code     0  startup_stm32l151xba.o(.text)
    DMA1_Channel3_IRQHandler                 0x08000123   Thumb Code     0  startup_stm32l151xba.o(.text)
    DMA1_Channel4_IRQHandler                 0x08000123   Thumb Code     0  startup_stm32l151xba.o(.text)
    DMA1_Channel5_IRQHandler                 0x08000123   Thumb Code     0  startup_stm32l151xba.o(.text)
    DMA1_Channel6_IRQHandler                 0x08000123   Thumb Code     0  startup_stm32l151xba.o(.text)
    DMA1_Channel7_IRQHandler                 0x08000123   Thumb Code     0  startup_stm32l151xba.o(.text)
    EXTI0_IRQHandler                         0x08000123   Thumb Code     0  startup_stm32l151xba.o(.text)
    EXTI1_IRQHandler                         0x08000123   Thumb Code     0  startup_stm32l151xba.o(.text)
    EXTI2_IRQHandler                         0x08000123   Thumb Code     0  startup_stm32l151xba.o(.text)
    EXTI3_IRQHandler                         0x08000123   Thumb Code     0  startup_stm32l151xba.o(.text)
    EXTI4_IRQHandler                         0x08000123   Thumb Code     0  startup_stm32l151xba.o(.text)
    EXTI9_5_IRQHandler                       0x08000123   Thumb Code     0  startup_stm32l151xba.o(.text)
    FLASH_IRQHandler                         0x08000123   Thumb Code     0  startup_stm32l151xba.o(.text)
    I2C1_ER_IRQHandler                       0x08000123   Thumb Code     0  startup_stm32l151xba.o(.text)
    I2C1_EV_IRQHandler                       0x08000123   Thumb Code     0  startup_stm32l151xba.o(.text)
    I2C2_ER_IRQHandler                       0x08000123   Thumb Code     0  startup_stm32l151xba.o(.text)
    I2C2_EV_IRQHandler                       0x08000123   Thumb Code     0  startup_stm32l151xba.o(.text)
    PVD_IRQHandler                           0x08000123   Thumb Code     0  startup_stm32l151xba.o(.text)
    RCC_IRQHandler                           0x08000123   Thumb Code     0  startup_stm32l151xba.o(.text)
    RTC_Alarm_IRQHandler                     0x08000123   Thumb Code     0  startup_stm32l151xba.o(.text)
    RTC_WKUP_IRQHandler                      0x08000123   Thumb Code     0  startup_stm32l151xba.o(.text)
    SPI1_IRQHandler                          0x08000123   Thumb Code     0  startup_stm32l151xba.o(.text)
    SPI2_IRQHandler                          0x08000123   Thumb Code     0  startup_stm32l151xba.o(.text)
    TAMPER_STAMP_IRQHandler                  0x08000123   Thumb Code     0  startup_stm32l151xba.o(.text)
    TIM10_IRQHandler                         0x08000123   Thumb Code     0  startup_stm32l151xba.o(.text)
    TIM11_IRQHandler                         0x08000123   Thumb Code     0  startup_stm32l151xba.o(.text)
    TIM6_IRQHandler                          0x08000123   Thumb Code     0  startup_stm32l151xba.o(.text)
    TIM7_IRQHandler                          0x08000123   Thumb Code     0  startup_stm32l151xba.o(.text)
    TIM9_IRQHandler                          0x08000123   Thumb Code     0  startup_stm32l151xba.o(.text)
    USART2_IRQHandler                        0x08000123   Thumb Code     0  startup_stm32l151xba.o(.text)
    USART3_IRQHandler                        0x08000123   Thumb Code     0  startup_stm32l151xba.o(.text)
    USB_FS_WKUP_IRQHandler                   0x08000123   Thumb Code     0  startup_stm32l151xba.o(.text)
    USB_HP_IRQHandler                        0x08000123   Thumb Code     0  startup_stm32l151xba.o(.text)
    USB_LP_IRQHandler                        0x08000123   Thumb Code     0  startup_stm32l151xba.o(.text)
    WWDG_IRQHandler                          0x08000123   Thumb Code     0  startup_stm32l151xba.o(.text)
    __aeabi_memset                           0x0800012d   Thumb Code    14  memseta.o(.text)
    __aeabi_memset4                          0x0800012d   Thumb Code     0  memseta.o(.text)
    __aeabi_memset8                          0x0800012d   Thumb Code     0  memseta.o(.text)
    __aeabi_memclr                           0x0800013b   Thumb Code     4  memseta.o(.text)
    __aeabi_memclr4                          0x0800013b   Thumb Code     0  memseta.o(.text)
    __aeabi_memclr8                          0x0800013b   Thumb Code     0  memseta.o(.text)
    _memset$wrapper                          0x0800013f   Thumb Code    18  memseta.o(.text)
    __aeabi_fadd                             0x08000151   Thumb Code   164  fadd.o(.text)
    __aeabi_fsub                             0x080001f5   Thumb Code     6  fadd.o(.text)
    __aeabi_frsub                            0x080001fb   Thumb Code     6  fadd.o(.text)
    __aeabi_fmul                             0x08000201   Thumb Code   100  fmul.o(.text)
    __aeabi_fdiv                             0x08000265   Thumb Code   124  fdiv.o(.text)
    __aeabi_dadd                             0x080002e1   Thumb Code   322  dadd.o(.text)
    __aeabi_dsub                             0x08000423   Thumb Code     6  dadd.o(.text)
    __aeabi_drsub                            0x08000429   Thumb Code     6  dadd.o(.text)
    __aeabi_dmul                             0x0800042f   Thumb Code   228  dmul.o(.text)
    __aeabi_ddiv                             0x08000513   Thumb Code   222  ddiv.o(.text)
    __ARM_scalbn                             0x080005f1   Thumb Code    46  dscalb.o(.text)
    scalbn                                   0x080005f1   Thumb Code     0  dscalb.o(.text)
    __aeabi_i2f                              0x0800061f   Thumb Code    18  fflti.o(.text)
    __aeabi_ui2f                             0x08000631   Thumb Code    10  ffltui.o(.text)
    __aeabi_i2d                              0x0800063b   Thumb Code    34  dflti.o(.text)
    __aeabi_ui2d                             0x0800065d   Thumb Code    26  dfltui.o(.text)
    __aeabi_f2iz                             0x08000677   Thumb Code    50  ffixi.o(.text)
    __aeabi_d2iz                             0x080006a9   Thumb Code    62  dfixi.o(.text)
    __aeabi_f2d                              0x080006e7   Thumb Code    38  f2d.o(.text)
    __aeabi_cdcmpeq                          0x0800070d   Thumb Code     0  cdcmple.o(.text)
    __aeabi_cdcmple                          0x0800070d   Thumb Code    48  cdcmple.o(.text)
    __aeabi_d2f                              0x0800073d   Thumb Code    56  d2f.o(.text)
    __aeabi_llsl                             0x08000775   Thumb Code    30  llshl.o(.text)
    _ll_shift_l                              0x08000775   Thumb Code     0  llshl.o(.text)
    __aeabi_llsr                             0x08000793   Thumb Code    32  llushr.o(.text)
    _ll_ushift_r                             0x08000793   Thumb Code     0  llushr.o(.text)
    __aeabi_lasr                             0x080007b3   Thumb Code    36  llsshr.o(.text)
    _ll_sshift_r                             0x080007b3   Thumb Code     0  llsshr.o(.text)
    __I$use$fp                               0x080007d7   Thumb Code     0  iusefp.o(.text)
    _float_round                             0x080007d7   Thumb Code    18  fepilogue.o(.text)
    _float_epilogue                          0x080007e9   Thumb Code    92  fepilogue.o(.text)
    _double_round                            0x08000845   Thumb Code    30  depilogue.o(.text)
    _double_epilogue                         0x08000863   Thumb Code   156  depilogue.o(.text)
    __scatterload                            0x08000901   Thumb Code    28  init.o(.text)
    __scatterload_rt2                        0x08000901   Thumb Code     0  init.o(.text)
    ADC_ConversionStop_Disable               0x08000925   Thumb Code    76  stm32l1xx_hal_adc.o(i.ADC_ConversionStop_Disable)
    ADC_Enable                               0x08000971   Thumb Code   108  stm32l1xx_hal_adc.o(i.ADC_Enable)
    AFE4400_Default_Reg_Init                 0x080009e5   Thumb Code   302  afe4400.o(i.AFE4400_Default_Reg_Init)
    AFE4400_PowerOn_Init                     0x08000b1d   Thumb Code    26  afe4400.o(i.AFE4400_PowerOn_Init)
    AFE4400_Read_Register                    0x08000b39   Thumb Code    76  afe4400.o(i.AFE4400_Read_Register)
    AFE4400_Set_READABLE                     0x08000b89   Thumb Code    32  afe4400.o(i.AFE4400_Set_READABLE)
    AFE4400_Set_Register                     0x08000ba9   Thumb Code    72  afe4400.o(i.AFE4400_Set_Register)
    Battery_IO_Init                          0x08000bf5   Thumb Code    72  gpio.o(i.Battery_IO_Init)
    Battery_Switch                           0x08000c45   Thumb Code    20  gpio.o(i.Battery_Switch)
    BusFault_Handler                         0x08000c5d   Thumb Code     2  stm32l1xx_it.o(i.BusFault_Handler)
    DebugMon_Handler                         0x08000c5f   Thumb Code     2  stm32l1xx_it.o(i.DebugMon_Handler)
    EXTI15_10_IRQHandler                     0x08000c61   Thumb Code     8  stm32l1xx_it.o(i.EXTI15_10_IRQHandler)
    Error_Handler                            0x08000c69   Thumb Code     2  main.o(i.Error_Handler)
    Get_Battery_Value                        0x08000c6d   Thumb Code    98  adc.o(i.Get_Battery_Value)
    HAL_ADC_ConfigChannel                    0x08000ce5   Thumb Code   316  stm32l1xx_hal_adc.o(i.HAL_ADC_ConfigChannel)
    HAL_ADC_GetValue                         0x08000e2d   Thumb Code     6  stm32l1xx_hal_adc.o(i.HAL_ADC_GetValue)
    HAL_ADC_Init                             0x08000e35   Thumb Code   394  stm32l1xx_hal_adc.o(i.HAL_ADC_Init)
    HAL_ADC_MspInit                          0x08000fd5   Thumb Code    84  adc.o(i.HAL_ADC_MspInit)
    HAL_ADC_PollForConversion                0x08001035   Thumb Code   168  stm32l1xx_hal_adc.o(i.HAL_ADC_PollForConversion)
    HAL_ADC_Start                            0x080010dd   Thumb Code   118  stm32l1xx_hal_adc.o(i.HAL_ADC_Start)
    HAL_ADC_Stop                             0x08001153   Thumb Code    52  stm32l1xx_hal_adc.o(i.HAL_ADC_Stop)
    HAL_DMA_Abort_IT                         0x08001187   Thumb Code    78  stm32l1xx_hal_dma.o(i.HAL_DMA_Abort_IT)
    HAL_Delay                                0x080011d5   Thumb Code    32  stm32l1xx_hal.o(i.HAL_Delay)
    HAL_GPIO_EXTI_Callback                   0x080011f9   Thumb Code    14  afe4400.o(i.HAL_GPIO_EXTI_Callback)
    HAL_GPIO_EXTI_IRQHandler                 0x0800120d   Thumb Code    22  stm32l1xx_hal_gpio.o(i.HAL_GPIO_EXTI_IRQHandler)
    HAL_GPIO_Init                            0x08001229   Thumb Code   364  stm32l1xx_hal_gpio.o(i.HAL_GPIO_Init)
    HAL_GPIO_ReadPin                         0x080013b5   Thumb Code    10  stm32l1xx_hal_gpio.o(i.HAL_GPIO_ReadPin)
    HAL_GPIO_WritePin                        0x080013bf   Thumb Code    10  stm32l1xx_hal_gpio.o(i.HAL_GPIO_WritePin)
    HAL_GetTick                              0x080013c9   Thumb Code     6  stm32l1xx_hal.o(i.HAL_GetTick)
    HAL_IncTick                              0x080013d5   Thumb Code    12  stm32l1xx_hal.o(i.HAL_IncTick)
    HAL_Init                                 0x080013e5   Thumb Code    30  stm32l1xx_hal.o(i.HAL_Init)
    HAL_InitTick                             0x08001405   Thumb Code    58  stm32l1xx_hal.o(i.HAL_InitTick)
    HAL_MspInit                              0x08001449   Thumb Code    56  stm32l1xx_hal_msp.o(i.HAL_MspInit)
    HAL_NVIC_EnableIRQ                       0x08001485   Thumb Code    26  stm32l1xx_hal_cortex.o(i.HAL_NVIC_EnableIRQ)
    HAL_NVIC_SetPriority                     0x080014a1   Thumb Code    60  stm32l1xx_hal_cortex.o(i.HAL_NVIC_SetPriority)
    HAL_NVIC_SetPriorityGrouping             0x080014e1   Thumb Code    26  stm32l1xx_hal_cortex.o(i.HAL_NVIC_SetPriorityGrouping)
    HAL_RCC_ClockConfig                      0x08001505   Thumb Code   400  stm32l1xx_hal_rcc.o(i.HAL_RCC_ClockConfig)
    HAL_RCC_GetSysClockFreq                  0x080016a9   Thumb Code    80  stm32l1xx_hal_rcc.o(i.HAL_RCC_GetSysClockFreq)
    HAL_RCC_OscConfig                        0x08001709   Thumb Code  1064  stm32l1xx_hal_rcc.o(i.HAL_RCC_OscConfig)
    HAL_SPI_Init                             0x08001b31   Thumb Code   114  stm32l1xx_hal_spi.o(i.HAL_SPI_Init)
    HAL_SPI_MspInit                          0x08001ba5   Thumb Code    92  spi.o(i.HAL_SPI_MspInit)
    HAL_SPI_Receive                          0x08001c0d   Thumb Code   336  stm32l1xx_hal_spi.o(i.HAL_SPI_Receive)
    HAL_SPI_Transmit                         0x08001d5d   Thumb Code   348  stm32l1xx_hal_spi.o(i.HAL_SPI_Transmit)
    HAL_SPI_TransmitReceive                  0x08001eb9   Thumb Code   482  stm32l1xx_hal_spi.o(i.HAL_SPI_TransmitReceive)
    HAL_SYSTICK_Config                       0x0800209b   Thumb Code    40  stm32l1xx_hal_cortex.o(i.HAL_SYSTICK_Config)
    HAL_TIMEx_MasterConfigSynchronization    0x080020c3   Thumb Code    66  stm32l1xx_hal_tim_ex.o(i.HAL_TIMEx_MasterConfigSynchronization)
    HAL_TIM_Base_Init                        0x08002105   Thumb Code    54  stm32l1xx_hal_tim.o(i.HAL_TIM_Base_Init)
    HAL_TIM_Base_MspInit                     0x0800213d   Thumb Code   122  tim.o(i.HAL_TIM_Base_MspInit)
    HAL_TIM_Base_Start_IT                    0x080021c5   Thumb Code    34  stm32l1xx_hal_tim.o(i.HAL_TIM_Base_Start_IT)
    HAL_TIM_ConfigClockSource                0x080021e7   Thumb Code   214  stm32l1xx_hal_tim.o(i.HAL_TIM_ConfigClockSource)
    HAL_TIM_IC_CaptureCallback               0x080022bd   Thumb Code     2  stm32l1xx_hal_tim.o(i.HAL_TIM_IC_CaptureCallback)
    HAL_TIM_IRQHandler                       0x080022bf   Thumb Code   294  stm32l1xx_hal_tim.o(i.HAL_TIM_IRQHandler)
    HAL_TIM_OC_DelayElapsedCallback          0x080023e5   Thumb Code     2  stm32l1xx_hal_tim.o(i.HAL_TIM_OC_DelayElapsedCallback)
    HAL_TIM_PWM_PulseFinishedCallback        0x080023e7   Thumb Code     2  stm32l1xx_hal_tim.o(i.HAL_TIM_PWM_PulseFinishedCallback)
    HAL_TIM_PeriodElapsedCallback            0x080023e9   Thumb Code   546  spo2datahandle.o(i.HAL_TIM_PeriodElapsedCallback)
    HAL_TIM_TriggerCallback                  0x08002641   Thumb Code     2  stm32l1xx_hal_tim.o(i.HAL_TIM_TriggerCallback)
    HAL_UART_ErrorCallback                   0x08002643   Thumb Code     2  stm32l1xx_hal_uart.o(i.HAL_UART_ErrorCallback)
    HAL_UART_IRQHandler                      0x08002645   Thumb Code   266  stm32l1xx_hal_uart.o(i.HAL_UART_IRQHandler)
    HAL_UART_Receive_IT                      0x08002755   Thumb Code    82  stm32l1xx_hal_uart.o(i.HAL_UART_Receive_IT)
    HAL_UART_RxCpltCallback                  0x080027a9   Thumb Code   192  afe4400.o(i.HAL_UART_RxCpltCallback)
    HAL_UART_Transmit                        0x0800287d   Thumb Code   186  stm32l1xx_hal_uart.o(i.HAL_UART_Transmit)
    HAL_UART_TxCpltCallback                  0x08002937   Thumb Code     2  stm32l1xx_hal_uart.o(i.HAL_UART_TxCpltCallback)
    HardFault_Handler                        0x08002939   Thumb Code     2  stm32l1xx_it.o(i.HardFault_Handler)
    IR_Filter                                0x0800293d   Thumb Code   154  spo2datahandle.o(i.IR_Filter)
    IR_reset                                 0x080029fd   Thumb Code    14  spo2datahandle.o(i.IR_reset)
    Init_AFE4400_DRDY_Interrupt              0x08002a11   Thumb Code    86  afe4400.o(i.Init_AFE4400_DRDY_Interrupt)
    Init_AFE4400_Resource                    0x08002a75   Thumb Code    34  afe4400.o(i.Init_AFE4400_Resource)
    Key_Init                                 0x08002aa1   Thumb Code    46  key.o(i.Key_Init)
    MX_ADC_Init                              0x08002ad9   Thumb Code    98  adc.o(i.MX_ADC_Init)
    MX_SPI1_Init                             0x08002b45   Thumb Code    62  spi.o(i.MX_SPI1_Init)
    MX_TIM2_Init                             0x08002b8d   Thumb Code   106  tim.o(i.MX_TIM2_Init)
    MemManage_Handler                        0x08002bfd   Thumb Code     2  stm32l1xx_it.o(i.MemManage_Handler)
    NMI_Handler                              0x08002bff   Thumb Code     2  stm32l1xx_it.o(i.NMI_Handler)
    OLED_Clear                               0x08002c01   Thumb Code    40  oled.o(i.OLED_Clear)
    OLED_ClearPoint                          0x08002c2d   Thumb Code    28  oled.o(i.OLED_ClearPoint)
    OLED_DisplayTurn                         0x08002c4d   Thumb Code  1084  oled.o(i.OLED_DisplayTurn)
    OLED_DrawLine                            0x08003089   Thumb Code   192  oled.o(i.OLED_DrawLine)
    OLED_DrawPoint                           0x08003149   Thumb Code    24  oled.o(i.OLED_DrawPoint)
    OLED_Draw_RecTangle                      0x08003165   Thumb Code   172  oled.o(i.OLED_Draw_RecTangle)
    OLED_Init                                0x08003211   Thumb Code   346  oled.o(i.OLED_Init)
    OLED_Pow                                 0x08003375   Thumb Code    16  oled.o(i.OLED_Pow)
    OLED_Refresh                             0x08003385   Thumb Code    70  oled.o(i.OLED_Refresh)
    OLED_ShowChar                            0x080033d1   Thumb Code   190  oled.o(i.OLED_ShowChar)
    OLED_ShowChar_left_Or_right              0x080034a1   Thumb Code   214  oled.o(i.OLED_ShowChar_left_Or_right)
    OLED_ShowNum                             0x08003589   Thumb Code   108  oled.o(i.OLED_ShowNum)
    OLED_ShowNum_left_Or_right               0x080035f5   Thumb Code   156  oled.o(i.OLED_ShowNum_left_Or_right)
    OLED_ShowPicture                         0x08003691   Thumb Code   148  oled.o(i.OLED_ShowPicture)
    OLED_ShowString                          0x08003725   Thumb Code    66  oled.o(i.OLED_ShowString)
    OLED_Show_Battery                        0x08003769   Thumb Code   158  oled.o(i.OLED_Show_Battery)
    OLED_Show_Heart                          0x08003821   Thumb Code   138  oled.o(i.OLED_Show_Heart)
    OLED_Show_Rec                            0x080038b1   Thumb Code   458  oled.o(i.OLED_Show_Rec)
    OLED_Show_Sensor_off_Rec                 0x08003a81   Thumb Code   128  oled.o(i.OLED_Show_Sensor_off_Rec)
    OLED_Show_Smooth_wave                    0x08003b01   Thumb Code    88  oled.o(i.OLED_Show_Smooth_wave)
    OLED_Show_Start                          0x08003b59   Thumb Code    70  oled.o(i.OLED_Show_Start)
    OLED_Show_Waveform                       0x08003ba5   Thumb Code   580  oled.o(i.OLED_Show_Waveform)
    OLED_Turn_Normal                         0x08003df9   Thumb Code    26  oled.o(i.OLED_Turn_Normal)
    OLED_WR_Byte                             0x08003e15   Thumb Code   108  oled.o(i.OLED_WR_Byte)
    PendSV_Handler                           0x08003e85   Thumb Code     2  stm32l1xx_it.o(i.PendSV_Handler)
    RD_Filter                                0x08003f09   Thumb Code   154  spo2datahandle.o(i.RD_Filter)
    RD_reset                                 0x08003fc9   Thumb Code    14  spo2datahandle.o(i.RD_reset)
    SPI_Init                                 0x08004079   Thumb Code    32  afe_spi.o(i.SPI_Init)
    SPI_ReadOneByte                          0x0800409d   Thumb Code    22  afe_spi.o(i.SPI_ReadOneByte)
    SPI_WriteOneByte                         0x0800414d   Thumb Code    18  afe_spi.o(i.SPI_WriteOneByte)
    SVC_Handler                              0x08004165   Thumb Code     2  stm32l1xx_it.o(i.SVC_Handler)
    Set_GPIO                                 0x08004169   Thumb Code    68  afe4400.o(i.Set_GPIO)
    SysTick_Handler                          0x080041b5   Thumb Code     4  stm32l1xx_it.o(i.SysTick_Handler)
    SystemClock_Config                       0x080041b9   Thumb Code    92  main.o(i.SystemClock_Config)
    SystemInit                               0x08004219   Thumb Code    62  system_stm32l1xx.o(i.SystemInit)
    TIM2_IRQHandler                          0x08004269   Thumb Code   566  spo2datahandle.o(i.TIM2_IRQHandler)
    TIM3_IRQHandler                          0x080044d5   Thumb Code     6  stm32l1xx_it.o(i.TIM3_IRQHandler)
    TIM4_IRQHandler                          0x080044e1   Thumb Code     6  stm32l1xx_it.o(i.TIM4_IRQHandler)
    USART1_IRQHandler                        0x08004755   Thumb Code     6  stm32l1xx_it.o(i.USART1_IRQHandler)
    UsageFault_Handler                       0x08004761   Thumb Code     2  stm32l1xx_it.o(i.UsageFault_Handler)
    __scatterload_copy                       0x08004783   Thumb Code    14  handlers.o(i.__scatterload_copy)
    __scatterload_null                       0x08004791   Thumb Code     2  handlers.o(i.__scatterload_null)
    __scatterload_zeroinit                   0x08004793   Thumb Code    14  handlers.o(i.__scatterload_zeroinit)
    bpm_data                                 0x080047a1   Thumb Code  1144  spo2datahandle.o(i.bpm_data)
    find_maximums                            0x08004c21   Thumb Code    96  find_peak.o(i.find_maximums)
    find_peaks                               0x08004c81   Thumb Code   248  find_peak.o(i.find_peaks)
    find_troughs                             0x08004d79   Thumb Code    40  find_peak.o(i.find_troughs)
    main                                     0x08004de1   Thumb Code   570  main.o(i.main)
    return_reg_data                          0x08005041   Thumb Code   168  afe4400.o(i.return_reg_data)
    asc2_1206                                0x080050ec   Data        1140  oled.o(.constdata)
    asc2_1608                                0x08005560   Data        1520  oled.o(.constdata)
    asc2_2412_regular_script                 0x08005b50   Data         360  oled.o(.constdata)
    asc2_3216                                0x08005cb8   Data         640  oled.o(.constdata)
    asc2_3216_left                           0x08005f38   Data         640  oled.o(.constdata)
    asc2_2412_left                           0x080061b8   Data         480  oled.o(.constdata)
    asc2_2412_right                          0x08006398   Data         480  oled.o(.constdata)
    asc2_3216_right                          0x08006578   Data         640  oled.o(.constdata)
    Battery_bmp3                             0x080067f8   Data          44  oled.o(.constdata)
    Battery3_left                            0x08006824   Data          36  oled.o(.constdata)
    Battery3_right                           0x08006848   Data          36  oled.o(.constdata)
    Battery_bmp2                             0x0800686c   Data          44  oled.o(.constdata)
    Battery2_left                            0x08006898   Data          36  oled.o(.constdata)
    Battery2_right                           0x080068bc   Data          36  oled.o(.constdata)
    Battery_bmp1                             0x080068e0   Data          44  oled.o(.constdata)
    Battery1_left                            0x0800690c   Data          36  oled.o(.constdata)
    Battery1_right                           0x08006930   Data          36  oled.o(.constdata)
    Battery_bmp0                             0x08006954   Data          44  oled.o(.constdata)
    Heart1_bmp                               0x08006980   Data          28  oled.o(.constdata)
    Heart1_left                              0x0800699c   Data          26  oled.o(.constdata)
    Heart1_right                             0x080069b6   Data          26  oled.o(.constdata)
    Heart2_bmp                               0x080069d0   Data          28  oled.o(.constdata)
    Heart3_bmp                               0x080069ec   Data          28  oled.o(.constdata)
    Heart3_left                              0x08006a08   Data          28  oled.o(.constdata)
    Heart3_right                             0x08006a24   Data          28  oled.o(.constdata)
    asc2_SpO2_right_bmp                      0x08006a40   Data          80  oled.o(.constdata)
    asc2_SpO2_left_bmp                       0x08006a90   Data          80  oled.o(.constdata)
    asc2_PRbpm_right_bmp                     0x08006ae0   Data          80  oled.o(.constdata)
    asc2_PRbpm_left_bmp                      0x08006b30   Data          80  oled.o(.constdata)
    Q_bmp                                    0x08006b80   Data          64  oled.o(.constdata)
    Z_bmp                                    0x08006bc0   Data          64  oled.o(.constdata)
    M_bmp                                    0x08006c00   Data          64  oled.o(.constdata)
    PLLMulTable                              0x08006c40   Data           9  system_stm32l1xx.o(.constdata)
    AHBPrescTable                            0x08006c49   Data          16  system_stm32l1xx.o(.constdata)
    Region$$Table$$Base                      0x08006c5c   Number         0  anon$$obj.o(Region$$Table)
    Region$$Table$$Limit                     0x08006c7c   Number         0  anon$$obj.o(Region$$Table)
    last_wave_cnt                            0x20000004   Data           4  oled.o(.data)
    readflag                                 0x20000024   Data           1  afe4400.o(.data)
    send_wave_flag                           0x20000025   Data           1  afe4400.o(.data)
    pack_len                                 0x20000028   Data           4  afe4400.o(.data)
    data1                                    0x2000002c   Data           4  afe4400.o(.data)
    data2                                    0x20000030   Data           4  afe4400.o(.data)
    data                                     0x20000034   Data           4  afe4400.o(.data)
    len_1                                    0x20000038   Data           4  afe4400.o(.data)
    len_2                                    0x2000003c   Data           4  afe4400.o(.data)
    len_3                                    0x20000040   Data           4  afe4400.o(.data)
    press_short                              0x20000044   Data           1  spo2datahandle.o(.data)
    press_long                               0x20000045   Data           1  spo2datahandle.o(.data)
    Tim2_Open_flag                           0x20000046   Data           1  spo2datahandle.o(.data)
    update                                   0x20000047   Data           1  spo2datahandle.o(.data)
    bpm_show_cnt                             0x20000048   Data           1  spo2datahandle.o(.data)
    sample_cycle                             0x20000049   Data           1  spo2datahandle.o(.data)
    cycle_cnt                                0x2000004a   Data           1  spo2datahandle.o(.data)
    r_loop                                   0x2000004b   Data           1  spo2datahandle.o(.data)
    calculate_cnt                            0x2000004c   Data           1  spo2datahandle.o(.data)
    peak_cnt                                 0x2000004d   Data           1  spo2datahandle.o(.data)
    cnt                                      0x2000004e   Data           1  spo2datahandle.o(.data)
    offset_wave                              0x20000054   Data           2  spo2datahandle.o(.data)
    bpmdata                                  0x20000056   Data           2  spo2datahandle.o(.data)
    Watchdog_time                            0x20000064   Data           4  spo2datahandle.o(.data)
    Key_Time                                 0x20000068   Data           4  spo2datahandle.o(.data)
    wave_data_cnt                            0x2000006c   Data           4  spo2datahandle.o(.data)
    IR_RAW                                   0x20000070   Data           4  spo2datahandle.o(.data)
    RD_RAW                                   0x20000074   Data           4  spo2datahandle.o(.data)
    IR_Signal                                0x20000078   Data           4  spo2datahandle.o(.data)
    RD_Signal                                0x2000007c   Data           4  spo2datahandle.o(.data)
    heart_rate                               0x20000080   Data           4  spo2datahandle.o(.data)
    sum_SpO2                                 0x20000084   Data           4  spo2datahandle.o(.data)
    SpO2                                     0x20000088   Data           4  spo2datahandle.o(.data)
    offset_SpO2                              0x2000008c   Data           4  spo2datahandle.o(.data)
    offset_bpm                               0x20000090   Data           4  spo2datahandle.o(.data)
    cnt_data2                                0x20000094   Data           4  spo2datahandle.o(.data)
    r                                        0x20000098   Data           4  spo2datahandle.o(.data)
    sum_r                                    0x2000009c   Data           4  spo2datahandle.o(.data)
    sum                                      0x200000a0   Data           4  spo2datahandle.o(.data)
    group_heart_rate                         0x200000ac   Data          12  spo2datahandle.o(.data)
    group_SpO2                               0x200000b8   Data          16  spo2datahandle.o(.data)
    direction                                0x200000c8   Data           1  main.o(.data)
    key_press_num                            0x200000c9   Data           1  main.o(.data)
    mode_temp                                0x200000ca   Data           1  main.o(.data)
    watchdog_switch                          0x200000cb   Data           1  main.o(.data)
    show_waveform_cnt                        0x200000cc   Data           1  main.o(.data)
    Heart_Rate                               0x200000d0   Data           4  main.o(.data)
    Blood_Oxygen                             0x200000d4   Data           4  main.o(.data)
    battery_value                            0x200000d8   Data           4  main.o(.data)
    wave_flag                                0x200000dc   Data           7  main.o(.data)
    use_buff                                 0x200000e3   Data          10  main.o(.data)
    ch                                       0x200000ed   Data           1  main.o(.data)
    VREFINT_DATA                             0x200000f0   Data           2  adc.o(.data)
    VREFINT_CAL                              0x200000f2   Data           2  adc.o(.data)
    ADC_Temp                                 0x200000f4   Data           4  adc.o(.data)
    VDDA_VAL                                 0x200000f8   Data           4  adc.o(.data)
    uwTickPrio                               0x200000fc   Data           4  stm32l1xx_hal.o(.data)
    uwTickFreq                               0x20000100   Data           4  stm32l1xx_hal.o(.data)
    uwTick                                   0x20000104   Data           4  stm32l1xx_hal.o(.data)
    SystemCoreClock                          0x20000108   Data           4  system_stm32l1xx.o(.data)
    OLED_GRAM                                0x2000010c   Data        1024  oled.o(.bss)
    recv_buf                                 0x2000050c   Data          20  afe4400.o(.bss)
    Temp_wave_data                           0x20000520   Data        1000  spo2datahandle.o(.bss)
    show_wave_data                           0x20000908   Data        1000  spo2datahandle.o(.bss)
    troughs                                  0x20000cf0   Data          80  spo2datahandle.o(.bss)
    troughs1                                 0x20000d40   Data          80  spo2datahandle.o(.bss)
    peaks                                    0x20000d90   Data          80  spo2datahandle.o(.bss)
    peaks1                                   0x20000de0   Data          80  spo2datahandle.o(.bss)
    tmp_arry1                                0x20000e30   Data        1680  spo2datahandle.o(.bss)
    tmp_arry2                                0x200014c0   Data        1680  spo2datahandle.o(.bss)
    IR_Old                                   0x20001bd0   Data          16  spo2datahandle.o(.bss)
    RD_Old                                   0x20001be0   Data          16  spo2datahandle.o(.bss)
    RD_group                                 0x20001bf0   Data        1680  spo2datahandle.o(.bss)
    IR_group                                 0x20002280   Data        1680  spo2datahandle.o(.bss)
    AdcValueBuf                              0x20002910   Data         120  adc.o(.bss)
    hadc                                     0x20002988   Data          84  adc.o(.bss)
    hspi1                                    0x200029dc   Data          88  spi.o(.bss)
    htim2                                    0x20002a34   Data          60  tim.o(.bss)
    htim3                                    0x20002a70   Data          60  tim.o(.bss)
    htim4                                    0x20002aac   Data          60  tim.o(.bss)
    huart1                                   0x20002ae8   Data          64  usart.o(.bss)
    __initial_sp                             0x20003328   Data           0  startup_stm32l151xba.o(STACK)



==============================================================================

Memory Map of the image

  Image Entry point : 0x080000f5

  Load Region LR_IROM1 (Base: 0x08000000, Size: 0x00006d88, Max: 0x00010000, ABSOLUTE)

    Execution Region ER_IROM1 (Exec base: 0x08000000, Load base: 0x08000000, Size: 0x00006c7c, Max: 0x00010000, ABSOLUTE)

    Exec Addr    Load Addr    Size         Type   Attr      Idx    E Section Name        Object

    0x08000000   0x08000000   0x000000f4   Data   RO            3    RESET               startup_stm32l151xba.o
    0x080000f4   0x080000f4   0x00000000   Code   RO         4248  * .ARM.Collect$$$$00000000  mc_w.l(entry.o)
    0x080000f4   0x080000f4   0x00000004   Code   RO         4585    .ARM.Collect$$$$00000001  mc_w.l(entry2.o)
    0x080000f8   0x080000f8   0x00000004   Code   RO         4588    .ARM.Collect$$$$00000004  mc_w.l(entry5.o)
    0x080000fc   0x080000fc   0x00000000   Code   RO         4590    .ARM.Collect$$$$00000008  mc_w.l(entry7b.o)
    0x080000fc   0x080000fc   0x00000000   Code   RO         4592    .ARM.Collect$$$$0000000A  mc_w.l(entry8b.o)
    0x080000fc   0x080000fc   0x00000008   Code   RO         4593    .ARM.Collect$$$$0000000B  mc_w.l(entry9a.o)
    0x08000104   0x08000104   0x00000000   Code   RO         4595    .ARM.Collect$$$$0000000D  mc_w.l(entry10a.o)
    0x08000104   0x08000104   0x00000000   Code   RO         4597    .ARM.Collect$$$$0000000F  mc_w.l(entry11a.o)
    0x08000104   0x08000104   0x00000004   Code   RO         4586    .ARM.Collect$$$$00002712  mc_w.l(entry2.o)
    0x08000108   0x08000108   0x00000024   Code   RO            4    .text               startup_stm32l151xba.o
    0x0800012c   0x0800012c   0x00000024   Code   RO         4256    .text               mc_w.l(memseta.o)
    0x08000150   0x08000150   0x000000b0   Code   RO         4553    .text               mf_w.l(fadd.o)
    0x08000200   0x08000200   0x00000064   Code   RO         4555    .text               mf_w.l(fmul.o)
    0x08000264   0x08000264   0x0000007c   Code   RO         4557    .text               mf_w.l(fdiv.o)
    0x080002e0   0x080002e0   0x0000014e   Code   RO         4559    .text               mf_w.l(dadd.o)
    0x0800042e   0x0800042e   0x000000e4   Code   RO         4561    .text               mf_w.l(dmul.o)
    0x08000512   0x08000512   0x000000de   Code   RO         4563    .text               mf_w.l(ddiv.o)
    0x080005f0   0x080005f0   0x0000002e   Code   RO         4565    .text               mf_w.l(dscalb.o)
    0x0800061e   0x0800061e   0x00000012   Code   RO         4567    .text               mf_w.l(fflti.o)
    0x08000630   0x08000630   0x0000000a   Code   RO         4569    .text               mf_w.l(ffltui.o)
    0x0800063a   0x0800063a   0x00000022   Code   RO         4571    .text               mf_w.l(dflti.o)
    0x0800065c   0x0800065c   0x0000001a   Code   RO         4573    .text               mf_w.l(dfltui.o)
    0x08000676   0x08000676   0x00000032   Code   RO         4575    .text               mf_w.l(ffixi.o)
    0x080006a8   0x080006a8   0x0000003e   Code   RO         4577    .text               mf_w.l(dfixi.o)
    0x080006e6   0x080006e6   0x00000026   Code   RO         4579    .text               mf_w.l(f2d.o)
    0x0800070c   0x0800070c   0x00000030   Code   RO         4581    .text               mf_w.l(cdcmple.o)
    0x0800073c   0x0800073c   0x00000038   Code   RO         4583    .text               mf_w.l(d2f.o)
    0x08000774   0x08000774   0x0000001e   Code   RO         4603    .text               mc_w.l(llshl.o)
    0x08000792   0x08000792   0x00000020   Code   RO         4605    .text               mc_w.l(llushr.o)
    0x080007b2   0x080007b2   0x00000024   Code   RO         4607    .text               mc_w.l(llsshr.o)
    0x080007d6   0x080007d6   0x00000000   Code   RO         4615    .text               mc_w.l(iusefp.o)
    0x080007d6   0x080007d6   0x0000006e   Code   RO         4616    .text               mf_w.l(fepilogue.o)
    0x08000844   0x08000844   0x000000ba   Code   RO         4618    .text               mf_w.l(depilogue.o)
    0x080008fe   0x080008fe   0x00000002   PAD
    0x08000900   0x08000900   0x00000024   Code   RO         4624    .text               mc_w.l(init.o)
    0x08000924   0x08000924   0x0000004c   Code   RO         1399    i.ADC_ConversionStop_Disable  stm32l1xx_hal_adc.o
    0x08000970   0x08000970   0x00000074   Code   RO         1403    i.ADC_Enable        stm32l1xx_hal_adc.o
    0x080009e4   0x080009e4   0x00000138   Code   RO          413    i.AFE4400_Default_Reg_Init  afe4400.o
    0x08000b1c   0x08000b1c   0x0000001a   Code   RO          414    i.AFE4400_PowerOn_Init  afe4400.o
    0x08000b36   0x08000b36   0x00000002   PAD
    0x08000b38   0x08000b38   0x00000050   Code   RO          416    i.AFE4400_Read_Register  afe4400.o
    0x08000b88   0x08000b88   0x00000020   Code   RO          417    i.AFE4400_Set_READABLE  afe4400.o
    0x08000ba8   0x08000ba8   0x0000004c   Code   RO          418    i.AFE4400_Set_Register  afe4400.o
    0x08000bf4   0x08000bf4   0x00000050   Code   RO         1020    i.Battery_IO_Init   gpio.o
    0x08000c44   0x08000c44   0x00000018   Code   RO         1021    i.Battery_Switch    gpio.o
    0x08000c5c   0x08000c5c   0x00000002   Code   RO         1275    i.BusFault_Handler  stm32l1xx_it.o
    0x08000c5e   0x08000c5e   0x00000002   Code   RO         1276    i.DebugMon_Handler  stm32l1xx_it.o
    0x08000c60   0x08000c60   0x00000008   Code   RO         1277    i.EXTI15_10_IRQHandler  stm32l1xx_it.o
    0x08000c68   0x08000c68   0x00000002   Code   RO          956    i.Error_Handler     main.o
    0x08000c6a   0x08000c6a   0x00000002   PAD
    0x08000c6c   0x08000c6c   0x00000078   Code   RO         1065    i.Get_Battery_Value  adc.o
    0x08000ce4   0x08000ce4   0x00000148   Code   RO         1405    i.HAL_ADC_ConfigChannel  stm32l1xx_hal_adc.o
    0x08000e2c   0x08000e2c   0x00000006   Code   RO         1412    i.HAL_ADC_GetValue  stm32l1xx_hal_adc.o
    0x08000e32   0x08000e32   0x00000002   PAD
    0x08000e34   0x08000e34   0x000001a0   Code   RO         1414    i.HAL_ADC_Init      stm32l1xx_hal_adc.o
    0x08000fd4   0x08000fd4   0x00000060   Code   RO         1068    i.HAL_ADC_MspInit   adc.o
    0x08001034   0x08001034   0x000000a8   Code   RO         1418    i.HAL_ADC_PollForConversion  stm32l1xx_hal_adc.o
    0x080010dc   0x080010dc   0x00000076   Code   RO         1420    i.HAL_ADC_Start     stm32l1xx_hal_adc.o
    0x08001152   0x08001152   0x00000034   Code   RO         1423    i.HAL_ADC_Stop      stm32l1xx_hal_adc.o
    0x08001186   0x08001186   0x0000004e   Code   RO         2346    i.HAL_DMA_Abort_IT  stm32l1xx_hal_dma.o
    0x080011d4   0x080011d4   0x00000024   Code   RO         1649    i.HAL_Delay         stm32l1xx_hal.o
    0x080011f8   0x080011f8   0x00000014   Code   RO          421    i.HAL_GPIO_EXTI_Callback  afe4400.o
    0x0800120c   0x0800120c   0x0000001c   Code   RO         2280    i.HAL_GPIO_EXTI_IRQHandler  stm32l1xx_hal_gpio.o
    0x08001228   0x08001228   0x0000018c   Code   RO         2281    i.HAL_GPIO_Init     stm32l1xx_hal_gpio.o
    0x080013b4   0x080013b4   0x0000000a   Code   RO         2283    i.HAL_GPIO_ReadPin  stm32l1xx_hal_gpio.o
    0x080013be   0x080013be   0x0000000a   Code   RO         2285    i.HAL_GPIO_WritePin  stm32l1xx_hal_gpio.o
    0x080013c8   0x080013c8   0x0000000c   Code   RO         1653    i.HAL_GetTick       stm32l1xx_hal.o
    0x080013d4   0x080013d4   0x00000010   Code   RO         1659    i.HAL_IncTick       stm32l1xx_hal.o
    0x080013e4   0x080013e4   0x0000001e   Code   RO         1660    i.HAL_Init          stm32l1xx_hal.o
    0x08001402   0x08001402   0x00000002   PAD
    0x08001404   0x08001404   0x00000044   Code   RO         1661    i.HAL_InitTick      stm32l1xx_hal.o
    0x08001448   0x08001448   0x0000003c   Code   RO         1375    i.HAL_MspInit       stm32l1xx_hal_msp.o
    0x08001484   0x08001484   0x0000001a   Code   RO         2624    i.HAL_NVIC_EnableIRQ  stm32l1xx_hal_cortex.o
    0x0800149e   0x0800149e   0x00000002   PAD
    0x080014a0   0x080014a0   0x00000040   Code   RO         2630    i.HAL_NVIC_SetPriority  stm32l1xx_hal_cortex.o
    0x080014e0   0x080014e0   0x00000024   Code   RO         2631    i.HAL_NVIC_SetPriorityGrouping  stm32l1xx_hal_cortex.o
    0x08001504   0x08001504   0x000001a4   Code   RO         1817    i.HAL_RCC_ClockConfig  stm32l1xx_hal_rcc.o
    0x080016a8   0x080016a8   0x00000060   Code   RO         1826    i.HAL_RCC_GetSysClockFreq  stm32l1xx_hal_rcc.o
    0x08001708   0x08001708   0x00000428   Code   RO         1829    i.HAL_RCC_OscConfig  stm32l1xx_hal_rcc.o
    0x08001b30   0x08001b30   0x00000072   Code   RO         2765    i.HAL_SPI_Init      stm32l1xx_hal_spi.o
    0x08001ba2   0x08001ba2   0x00000002   PAD
    0x08001ba4   0x08001ba4   0x00000068   Code   RO         1121    i.HAL_SPI_MspInit   spi.o
    0x08001c0c   0x08001c0c   0x00000150   Code   RO         2768    i.HAL_SPI_Receive   stm32l1xx_hal_spi.o
    0x08001d5c   0x08001d5c   0x0000015c   Code   RO         2773    i.HAL_SPI_Transmit  stm32l1xx_hal_spi.o
    0x08001eb8   0x08001eb8   0x000001e2   Code   RO         2774    i.HAL_SPI_TransmitReceive  stm32l1xx_hal_spi.o
    0x0800209a   0x0800209a   0x00000028   Code   RO         2635    i.HAL_SYSTICK_Config  stm32l1xx_hal_cortex.o
    0x080020c2   0x080020c2   0x00000042   Code   RO         3749    i.HAL_TIMEx_MasterConfigSynchronization  stm32l1xx_hal_tim_ex.o
    0x08002104   0x08002104   0x00000036   Code   RO         3078    i.HAL_TIM_Base_Init  stm32l1xx_hal_tim.o
    0x0800213a   0x0800213a   0x00000002   PAD
    0x0800213c   0x0800213c   0x00000088   Code   RO         1163    i.HAL_TIM_Base_MspInit  tim.o
    0x080021c4   0x080021c4   0x00000022   Code   RO         3083    i.HAL_TIM_Base_Start_IT  stm32l1xx_hal_tim.o
    0x080021e6   0x080021e6   0x000000d6   Code   RO         3087    i.HAL_TIM_ConfigClockSource  stm32l1xx_hal_tim.o
    0x080022bc   0x080022bc   0x00000002   Code   RO         3107    i.HAL_TIM_IC_CaptureCallback  stm32l1xx_hal_tim.o
    0x080022be   0x080022be   0x00000126   Code   RO         3121    i.HAL_TIM_IRQHandler  stm32l1xx_hal_tim.o
    0x080023e4   0x080023e4   0x00000002   Code   RO         3124    i.HAL_TIM_OC_DelayElapsedCallback  stm32l1xx_hal_tim.o
    0x080023e6   0x080023e6   0x00000002   Code   RO         3151    i.HAL_TIM_PWM_PulseFinishedCallback  stm32l1xx_hal_tim.o
    0x080023e8   0x080023e8   0x00000258   Code   RO          589    i.HAL_TIM_PeriodElapsedCallback  spo2datahandle.o
    0x08002640   0x08002640   0x00000002   Code   RO         3164    i.HAL_TIM_TriggerCallback  stm32l1xx_hal_tim.o
    0x08002642   0x08002642   0x00000002   Code   RO         3800    i.HAL_UART_ErrorCallback  stm32l1xx_hal_uart.o
    0x08002644   0x08002644   0x00000110   Code   RO         3803    i.HAL_UART_IRQHandler  stm32l1xx_hal_uart.o
    0x08002754   0x08002754   0x00000052   Code   RO         3809    i.HAL_UART_Receive_IT  stm32l1xx_hal_uart.o
    0x080027a6   0x080027a6   0x00000002   PAD
    0x080027a8   0x080027a8   0x000000d4   Code   RO          422    i.HAL_UART_RxCpltCallback  afe4400.o
    0x0800287c   0x0800287c   0x000000ba   Code   RO         3812    i.HAL_UART_Transmit  stm32l1xx_hal_uart.o
    0x08002936   0x08002936   0x00000002   Code   RO         3815    i.HAL_UART_TxCpltCallback  stm32l1xx_hal_uart.o
    0x08002938   0x08002938   0x00000002   Code   RO         1278    i.HardFault_Handler  stm32l1xx_it.o
    0x0800293a   0x0800293a   0x00000002   PAD
    0x0800293c   0x0800293c   0x000000c0   Code   RO          591    i.IR_Filter         spo2datahandle.o
    0x080029fc   0x080029fc   0x00000014   Code   RO          592    i.IR_reset          spo2datahandle.o
    0x08002a10   0x08002a10   0x00000064   Code   RO          423    i.Init_AFE4400_DRDY_Interrupt  afe4400.o
    0x08002a74   0x08002a74   0x0000002c   Code   RO          424    i.Init_AFE4400_Resource  afe4400.o
    0x08002aa0   0x08002aa0   0x00000038   Code   RO          341    i.Key_Init          key.o
    0x08002ad8   0x08002ad8   0x0000006c   Code   RO         1069    i.MX_ADC_Init       adc.o
    0x08002b44   0x08002b44   0x00000048   Code   RO         1122    i.MX_SPI1_Init      spi.o
    0x08002b8c   0x08002b8c   0x00000070   Code   RO         1164    i.MX_TIM2_Init      tim.o
    0x08002bfc   0x08002bfc   0x00000002   Code   RO         1279    i.MemManage_Handler  stm32l1xx_it.o
    0x08002bfe   0x08002bfe   0x00000002   Code   RO         1280    i.NMI_Handler       stm32l1xx_it.o
    0x08002c00   0x08002c00   0x0000002c   Code   RO           13    i.OLED_Clear        oled.o
    0x08002c2c   0x08002c2c   0x00000020   Code   RO           14    i.OLED_ClearPoint   oled.o
    0x08002c4c   0x08002c4c   0x0000043c   Code   RO           18    i.OLED_DisplayTurn  oled.o
    0x08003088   0x08003088   0x000000c0   Code   RO           20    i.OLED_DrawLine     oled.o
    0x08003148   0x08003148   0x0000001c   Code   RO           21    i.OLED_DrawPoint    oled.o
    0x08003164   0x08003164   0x000000ac   Code   RO           22    i.OLED_Draw_RecTangle  oled.o
    0x08003210   0x08003210   0x00000164   Code   RO           23    i.OLED_Init         oled.o
    0x08003374   0x08003374   0x00000010   Code   RO           24    i.OLED_Pow          oled.o
    0x08003384   0x08003384   0x0000004c   Code   RO           25    i.OLED_Refresh      oled.o
    0x080033d0   0x080033d0   0x000000d0   Code   RO           27    i.OLED_ShowChar     oled.o
    0x080034a0   0x080034a0   0x000000e8   Code   RO           28    i.OLED_ShowChar_left_Or_right  oled.o
    0x08003588   0x08003588   0x0000006c   Code   RO           29    i.OLED_ShowNum      oled.o
    0x080035f4   0x080035f4   0x0000009c   Code   RO           30    i.OLED_ShowNum_left_Or_right  oled.o
    0x08003690   0x08003690   0x00000094   Code   RO           31    i.OLED_ShowPicture  oled.o
    0x08003724   0x08003724   0x00000042   Code   RO           32    i.OLED_ShowString   oled.o
    0x08003766   0x08003766   0x00000002   PAD
    0x08003768   0x08003768   0x000000b8   Code   RO           33    i.OLED_Show_Battery  oled.o
    0x08003820   0x08003820   0x00000090   Code   RO           34    i.OLED_Show_Heart   oled.o
    0x080038b0   0x080038b0   0x000001d0   Code   RO           35    i.OLED_Show_Rec     oled.o
    0x08003a80   0x08003a80   0x00000080   Code   RO           36    i.OLED_Show_Sensor_off_Rec  oled.o
    0x08003b00   0x08003b00   0x00000058   Code   RO           37    i.OLED_Show_Smooth_wave  oled.o
    0x08003b58   0x08003b58   0x0000004c   Code   RO           38    i.OLED_Show_Start   oled.o
    0x08003ba4   0x08003ba4   0x00000254   Code   RO           39    i.OLED_Show_Waveform  oled.o
    0x08003df8   0x08003df8   0x0000001a   Code   RO           40    i.OLED_Turn_Normal  oled.o
    0x08003e12   0x08003e12   0x00000002   PAD
    0x08003e14   0x08003e14   0x00000070   Code   RO           42    i.OLED_WR_Byte      oled.o
    0x08003e84   0x08003e84   0x00000002   Code   RO         1281    i.PendSV_Handler    stm32l1xx_it.o
    0x08003e86   0x08003e86   0x00000002   PAD
    0x08003e88   0x08003e88   0x00000080   Code   RO         1830    i.RCC_SetFlashLatencyFromMSIRange  stm32l1xx_hal_rcc.o
    0x08003f08   0x08003f08   0x000000c0   Code   RO          593    i.RD_Filter         spo2datahandle.o
    0x08003fc8   0x08003fc8   0x00000014   Code   RO          594    i.RD_reset          spo2datahandle.o
    0x08003fdc   0x08003fdc   0x0000005c   Code   RO         2802    i.SPI_EndRxTransaction  stm32l1xx_hal_spi.o
    0x08004038   0x08004038   0x00000040   Code   RO         2803    i.SPI_EndRxTxTransaction  stm32l1xx_hal_spi.o
    0x08004078   0x08004078   0x00000024   Code   RO          536    i.SPI_Init          afe_spi.o
    0x0800409c   0x0800409c   0x0000001c   Code   RO          537    i.SPI_ReadOneByte   afe_spi.o
    0x080040b8   0x080040b8   0x00000094   Code   RO         2808    i.SPI_WaitFlagStateUntilTimeout  stm32l1xx_hal_spi.o
    0x0800414c   0x0800414c   0x00000018   Code   RO          539    i.SPI_WriteOneByte  afe_spi.o
    0x08004164   0x08004164   0x00000002   Code   RO         1282    i.SVC_Handler       stm32l1xx_it.o
    0x08004166   0x08004166   0x00000002   PAD
    0x08004168   0x08004168   0x0000004c   Code   RO          425    i.Set_GPIO          afe4400.o
    0x080041b4   0x080041b4   0x00000004   Code   RO         1283    i.SysTick_Handler   stm32l1xx_it.o
    0x080041b8   0x080041b8   0x00000060   Code   RO          957    i.SystemClock_Config  main.o
    0x08004218   0x08004218   0x00000050   Code   RO         4106    i.SystemInit        system_stm32l1xx.o
    0x08004268   0x08004268   0x0000026c   Code   RO          596    i.TIM2_IRQHandler   spo2datahandle.o
    0x080044d4   0x080044d4   0x0000000c   Code   RO         1284    i.TIM3_IRQHandler   stm32l1xx_it.o
    0x080044e0   0x080044e0   0x0000000c   Code   RO         1285    i.TIM4_IRQHandler   stm32l1xx_it.o
    0x080044ec   0x080044ec   0x00000074   Code   RO         3166    i.TIM_Base_SetConfig  stm32l1xx_hal_tim.o
    0x08004560   0x08004560   0x00000014   Code   RO         3177    i.TIM_ETR_SetConfig  stm32l1xx_hal_tim.o
    0x08004574   0x08004574   0x00000010   Code   RO         3178    i.TIM_ITRx_SetConfig  stm32l1xx_hal_tim.o
    0x08004584   0x08004584   0x00000022   Code   RO         3184    i.TIM_TI1_ConfigInputStage  stm32l1xx_hal_tim.o
    0x080045a6   0x080045a6   0x00000024   Code   RO         3186    i.TIM_TI2_ConfigInputStage  stm32l1xx_hal_tim.o
    0x080045ca   0x080045ca   0x00000010   Code   RO         3817    i.UART_DMAAbortOnError  stm32l1xx_hal_uart.o
    0x080045da   0x080045da   0x0000001c   Code   RO         3827    i.UART_EndRxTransfer  stm32l1xx_hal_uart.o
    0x080045f6   0x080045f6   0x00000096   Code   RO         3829    i.UART_Receive_IT   stm32l1xx_hal_uart.o
    0x0800468c   0x0800468c   0x00000062   Code   RO         3831    i.UART_Transmit_IT  stm32l1xx_hal_uart.o
    0x080046ee   0x080046ee   0x00000064   Code   RO         3832    i.UART_WaitOnFlagUntilTimeout  stm32l1xx_hal_uart.o
    0x08004752   0x08004752   0x00000002   PAD
    0x08004754   0x08004754   0x0000000c   Code   RO         1286    i.USART1_IRQHandler  stm32l1xx_it.o
    0x08004760   0x08004760   0x00000002   Code   RO         1287    i.UsageFault_Handler  stm32l1xx_it.o
    0x08004762   0x08004762   0x00000020   Code   RO         2637    i.__NVIC_SetPriority  stm32l1xx_hal_cortex.o
    0x08004782   0x08004782   0x0000000e   Code   RO         4650    i.__scatterload_copy  mc_w.l(handlers.o)
    0x08004790   0x08004790   0x00000002   Code   RO         4651    i.__scatterload_null  mc_w.l(handlers.o)
    0x08004792   0x08004792   0x0000000e   Code   RO         4652    i.__scatterload_zeroinit  mc_w.l(handlers.o)
    0x080047a0   0x080047a0   0x00000480   Code   RO          598    i.bpm_data          spo2datahandle.o
    0x08004c20   0x08004c20   0x00000060   Code   RO          882    i.find_maximums     find_peak.o
    0x08004c80   0x08004c80   0x000000f8   Code   RO          883    i.find_peaks        find_peak.o
    0x08004d78   0x08004d78   0x00000028   Code   RO          884    i.find_troughs      find_peak.o
    0x08004da0   0x08004da0   0x0000001e   Code   RO          885    i.get_max           find_peak.o
    0x08004dbe   0x08004dbe   0x00000002   PAD
    0x08004dc0   0x08004dc0   0x0000001e   Code   RO          886    i.get_min           find_peak.o
    0x08004dde   0x08004dde   0x00000002   PAD
    0x08004de0   0x08004de0   0x00000260   Code   RO          958    i.main              main.o
    0x08005040   0x08005040   0x000000ac   Code   RO          426    i.return_reg_data   afe4400.o
    0x080050ec   0x080050ec   0x00001b54   Data   RO           46    .constdata          oled.o
    0x08006c40   0x08006c40   0x00000019   Data   RO         4107    .constdata          system_stm32l1xx.o
    0x08006c59   0x08006c59   0x00000003   PAD
    0x08006c5c   0x08006c5c   0x00000020   Data   RO         4648    Region$$Table       anon$$obj.o


    Execution Region RW_IRAM1 (Exec base: 0x20000000, Load base: 0x08006c7c, Size: 0x00003328, Max: 0x00008000, ABSOLUTE)

    Exec Addr    Load Addr    Size         Type   Attr      Idx    E Section Name        Object

    0x20000000   0x08006c7c   0x00000024   Data   RW           48    .data               oled.o
    0x20000024   0x08006ca0   0x00000020   Data   RW          428    .data               afe4400.o
    0x20000044   0x08006cc0   0x00000084   Data   RW          609    .data               spo2datahandle.o
    0x200000c8   0x08006d44   0x00000025   Data   RW          959    .data               main.o
    0x200000ed   0x08006d69   0x00000001   Data   RW          960    .data               main.o
    0x200000ee   0x08006d6a   0x00000002   PAD
    0x200000f0   0x08006d6c   0x0000000c   Data   RW         1071    .data               adc.o
    0x200000fc   0x08006d78   0x0000000c   Data   RW         1667    .data               stm32l1xx_hal.o
    0x20000108   0x08006d84   0x00000004   Data   RW         4109    .data               system_stm32l1xx.o
    0x2000010c        -       0x00000400   Zero   RW           45    .bss                oled.o
    0x2000050c        -       0x00000014   Zero   RW          427    .bss                afe4400.o
    0x20000520        -       0x000003e8   Zero   RW          601    .bss                spo2datahandle.o
    0x20000908        -       0x00002008   Zero   RW          602    .bss                spo2datahandle.o
    0x20002910        -       0x000000cc   Zero   RW         1070    .bss                adc.o
    0x200029dc        -       0x00000058   Zero   RW         1123    .bss                spi.o
    0x20002a34        -       0x000000b4   Zero   RW         1167    .bss                tim.o
    0x20002ae8        -       0x00000040   Zero   RW         1221    .bss                usart.o
    0x20002b28        -       0x00000800   Zero   RW            1    STACK               startup_stm32l151xba.o


==============================================================================

Image component sizes


      Code (inc. data)   RO Data    RW Data    ZI Data      Debug   Object Name

       324         44          0         12        204       2722   adc.o
      1150         86          0         32         20       8196   afe4400.o
        88         16          0          0          0       1632   afe_spi.o
       444          0          0          0          0       4808   find_peak.o
       104         12          0          0          0       1503   gpio.o
        56         10          0          0          0        895   key.o
       706         42          0         38          0       3748   main.o
      4736        178       6996         36       1024     412857   oled.o
       176         22          0          0         88       1833   spi.o
      2796        248          0        132       9200     313081   spo2datahandle.o
        36          8        244          0       2048        852   startup_stm32l151xba.o
       162         24          0         12          0       4221   stm32l1xx_hal.o
      1280         42          0          0          0       7487   stm32l1xx_hal_adc.o
       198         14          0          0          0      30955   stm32l1xx_hal_cortex.o
        78          0          0          0          0       1171   stm32l1xx_hal_dma.o
       444         38          0          0          0       3834   stm32l1xx_hal_gpio.o
        60          4          0          0          0        954   stm32l1xx_hal_msp.o
      1708         90          0          0          0       5318   stm32l1xx_hal_rcc.o
      1584          0          0          0          0       8446   stm32l1xx_hal_spi.o
       826         22          0          0          0      10458   stm32l1xx_hal_tim.o
        66          0          0          0          0       1296   stm32l1xx_hal_tim_ex.o
       936          6          0          0          0       8595   stm32l1xx_hal_uart.o
        64         18          0          0          0       6173   stm32l1xx_it.o
        80         18         25          4          0       1363   system_stm32l1xx.o
       248         20          0          0        180       2146   tim.o
         0          0          0          0         64       1913   usart.o

    ----------------------------------------------------------------------
     18382        962       7300        268      12828     846457   Object Totals
         0          0         32          0          0          0   (incl. Generated)
        32          0          3          2          0          0   (incl. Padding)

    ----------------------------------------------------------------------

      Code (inc. data)   RO Data    RW Data    ZI Data      Debug   Library Member Name

         0          0          0          0          0          0   entry.o
         0          0          0          0          0          0   entry10a.o
         0          0          0          0          0          0   entry11a.o
         8          4          0          0          0          0   entry2.o
         4          0          0          0          0          0   entry5.o
         0          0          0          0          0          0   entry7b.o
         0          0          0          0          0          0   entry8b.o
         8          4          0          0          0          0   entry9a.o
        30          0          0          0          0          0   handlers.o
        36          8          0          0          0         68   init.o
         0          0          0          0          0          0   iusefp.o
        30          0          0          0          0         68   llshl.o
        36          0          0          0          0         68   llsshr.o
        32          0          0          0          0         68   llushr.o
        36          0          0          0          0        108   memseta.o
        48          0          0          0          0         68   cdcmple.o
        56          0          0          0          0         88   d2f.o
       334          0          0          0          0        148   dadd.o
       222          0          0          0          0        100   ddiv.o
       186          0          0          0          0        176   depilogue.o
        62          0          0          0          0         80   dfixi.o
        34          0          0          0          0         76   dflti.o
        26          0          0          0          0         76   dfltui.o
       228          0          0          0          0         96   dmul.o
        46          0          0          0          0         80   dscalb.o
        38          0          0          0          0         68   f2d.o
       176          0          0          0          0        140   fadd.o
       124          0          0          0          0         88   fdiv.o
       110          0          0          0          0        168   fepilogue.o
        50          0          0          0          0         68   ffixi.o
        18          0          0          0          0         68   fflti.o
        10          0          0          0          0         68   ffltui.o
       100          0          0          0          0         76   fmul.o

    ----------------------------------------------------------------------
      2090         16          0          0          0       2112   Library Totals
         2          0          0          0          0          0   (incl. Padding)

    ----------------------------------------------------------------------

      Code (inc. data)   RO Data    RW Data    ZI Data      Debug   Library Name

       220         16          0          0          0        380   mc_w.l
      1868          0          0          0          0       1732   mf_w.l

    ----------------------------------------------------------------------
      2090         16          0          0          0       2112   Library Totals

    ----------------------------------------------------------------------

==============================================================================


      Code (inc. data)   RO Data    RW Data    ZI Data      Debug   

     20472        978       7300        268      12828     840713   Grand Totals
     20472        978       7300        268      12828     840713   ELF Image Totals
     20472        978       7300        268          0          0   ROM Totals

==============================================================================

    Total RO  Size (Code + RO Data)                27772 (  27.12kB)
    Total RW  Size (RW Data + ZI Data)             13096 (  12.79kB)
    Total ROM Size (Code + RO Data + RW Data)      28040 (  27.38kB)

==============================================================================

